<!doctype html public "-//w3c//dtd html 4.0 transitional//en">
<html><head>
<title>Static Call Graph - [.\Objects\Controller_of_Mars_Exploration.axf]</title></head>
<body><HR>
<H1>Static Call Graph for image .\Objects\Controller_of_Mars_Exploration.axf</H1><HR>
<BR><P>#&#060CALLGRAPH&#062# ARM Linker, 5050106: Last Updated: Fri Nov 04 22:03:15 2016
<BR><P>
<H3>Maximum Stack Usage =        132 bytes + Unknown(Cycles, Untraceable Function Pointers)</H3><H3>
Call chain for Maximum Stack Depth:</H3>
main &rArr; Tire_Config &rArr; Arm_Config &rArr; PCA9685_Init &rArr; PCA9685_I2C_Init &rArr; PCA9685_I2C_Mode_Config &rArr; I2C_Init &rArr; RCC_GetClocksFreq
<P>
<H3>
Mutually Recursive functions
</H3> <LI><a href="#[1c]">ADC1_2_IRQHandler</a>&nbsp;&nbsp;&nbsp;&rArr;&nbsp;&nbsp;&nbsp;<a href="#[1c]">ADC1_2_IRQHandler</a><BR>
</UL>
<P>
<H3>
Function Pointers
</H3><UL>
 <LI><a href="#[1c]">ADC1_2_IRQHandler</a> from startup_stm32f10x_hd.o(.text) referenced from startup_stm32f10x_hd.o(RESET)
 <LI><a href="#[39]">ADC3_IRQHandler</a> from startup_stm32f10x_hd.o(.text) referenced from startup_stm32f10x_hd.o(RESET)
 <LI><a href="#[4]">BusFault_Handler</a> from stm32f10x_it.o(i.BusFault_Handler) referenced from startup_stm32f10x_hd.o(RESET)
 <LI><a href="#[1f]">CAN1_RX1_IRQHandler</a> from startup_stm32f10x_hd.o(.text) referenced from startup_stm32f10x_hd.o(RESET)
 <LI><a href="#[20]">CAN1_SCE_IRQHandler</a> from startup_stm32f10x_hd.o(.text) referenced from startup_stm32f10x_hd.o(RESET)
 <LI><a href="#[15]">DMA1_Channel1_IRQHandler</a> from startup_stm32f10x_hd.o(.text) referenced from startup_stm32f10x_hd.o(RESET)
 <LI><a href="#[16]">DMA1_Channel2_IRQHandler</a> from startup_stm32f10x_hd.o(.text) referenced from startup_stm32f10x_hd.o(RESET)
 <LI><a href="#[17]">DMA1_Channel3_IRQHandler</a> from startup_stm32f10x_hd.o(.text) referenced from startup_stm32f10x_hd.o(RESET)
 <LI><a href="#[18]">DMA1_Channel4_IRQHandler</a> from startup_stm32f10x_hd.o(.text) referenced from startup_stm32f10x_hd.o(RESET)
 <LI><a href="#[19]">DMA1_Channel5_IRQHandler</a> from startup_stm32f10x_hd.o(.text) referenced from startup_stm32f10x_hd.o(RESET)
 <LI><a href="#[1a]">DMA1_Channel6_IRQHandler</a> from startup_stm32f10x_hd.o(.text) referenced from startup_stm32f10x_hd.o(RESET)
 <LI><a href="#[1b]">DMA1_Channel7_IRQHandler</a> from startup_stm32f10x_hd.o(.text) referenced from startup_stm32f10x_hd.o(RESET)
 <LI><a href="#[42]">DMA2_Channel1_IRQHandler</a> from startup_stm32f10x_hd.o(.text) referenced from startup_stm32f10x_hd.o(RESET)
 <LI><a href="#[43]">DMA2_Channel2_IRQHandler</a> from startup_stm32f10x_hd.o(.text) referenced from startup_stm32f10x_hd.o(RESET)
 <LI><a href="#[44]">DMA2_Channel3_IRQHandler</a> from startup_stm32f10x_hd.o(.text) referenced from startup_stm32f10x_hd.o(RESET)
 <LI><a href="#[45]">DMA2_Channel4_5_IRQHandler</a> from startup_stm32f10x_hd.o(.text) referenced from startup_stm32f10x_hd.o(RESET)
 <LI><a href="#[7]">DebugMon_Handler</a> from stm32f10x_it.o(i.DebugMon_Handler) referenced from startup_stm32f10x_hd.o(RESET)
 <LI><a href="#[10]">EXTI0_IRQHandler</a> from startup_stm32f10x_hd.o(.text) referenced from startup_stm32f10x_hd.o(RESET)
 <LI><a href="#[32]">EXTI15_10_IRQHandler</a> from startup_stm32f10x_hd.o(.text) referenced from startup_stm32f10x_hd.o(RESET)
 <LI><a href="#[11]">EXTI1_IRQHandler</a> from startup_stm32f10x_hd.o(.text) referenced from startup_stm32f10x_hd.o(RESET)
 <LI><a href="#[12]">EXTI2_IRQHandler</a> from startup_stm32f10x_hd.o(.text) referenced from startup_stm32f10x_hd.o(RESET)
 <LI><a href="#[13]">EXTI3_IRQHandler</a> from startup_stm32f10x_hd.o(.text) referenced from startup_stm32f10x_hd.o(RESET)
 <LI><a href="#[14]">EXTI4_IRQHandler</a> from startup_stm32f10x_hd.o(.text) referenced from startup_stm32f10x_hd.o(RESET)
 <LI><a href="#[21]">EXTI9_5_IRQHandler</a> from startup_stm32f10x_hd.o(.text) referenced from startup_stm32f10x_hd.o(RESET)
 <LI><a href="#[e]">FLASH_IRQHandler</a> from startup_stm32f10x_hd.o(.text) referenced from startup_stm32f10x_hd.o(RESET)
 <LI><a href="#[3a]">FSMC_IRQHandler</a> from startup_stm32f10x_hd.o(.text) referenced from startup_stm32f10x_hd.o(RESET)
 <LI><a href="#[2]">HardFault_Handler</a> from stm32f10x_it.o(i.HardFault_Handler) referenced from startup_stm32f10x_hd.o(RESET)
 <LI><a href="#[2a]">I2C1_ER_IRQHandler</a> from startup_stm32f10x_hd.o(.text) referenced from startup_stm32f10x_hd.o(RESET)
 <LI><a href="#[29]">I2C1_EV_IRQHandler</a> from startup_stm32f10x_hd.o(.text) referenced from startup_stm32f10x_hd.o(RESET)
 <LI><a href="#[2c]">I2C2_ER_IRQHandler</a> from startup_stm32f10x_hd.o(.text) referenced from startup_stm32f10x_hd.o(RESET)
 <LI><a href="#[2b]">I2C2_EV_IRQHandler</a> from startup_stm32f10x_hd.o(.text) referenced from startup_stm32f10x_hd.o(RESET)
 <LI><a href="#[3]">MemManage_Handler</a> from stm32f10x_it.o(i.MemManage_Handler) referenced from startup_stm32f10x_hd.o(RESET)
 <LI><a href="#[1]">NMI_Handler</a> from stm32f10x_it.o(i.NMI_Handler) referenced from startup_stm32f10x_hd.o(RESET)
 <LI><a href="#[b]">PVD_IRQHandler</a> from startup_stm32f10x_hd.o(.text) referenced from startup_stm32f10x_hd.o(RESET)
 <LI><a href="#[8]">PendSV_Handler</a> from stm32f10x_it.o(i.PendSV_Handler) referenced from startup_stm32f10x_hd.o(RESET)
 <LI><a href="#[f]">RCC_IRQHandler</a> from startup_stm32f10x_hd.o(.text) referenced from startup_stm32f10x_hd.o(RESET)
 <LI><a href="#[33]">RTCAlarm_IRQHandler</a> from startup_stm32f10x_hd.o(.text) referenced from startup_stm32f10x_hd.o(RESET)
 <LI><a href="#[d]">RTC_IRQHandler</a> from startup_stm32f10x_hd.o(.text) referenced from startup_stm32f10x_hd.o(RESET)
 <LI><a href="#[0]">Reset_Handler</a> from startup_stm32f10x_hd.o(.text) referenced from startup_stm32f10x_hd.o(RESET)
 <LI><a href="#[3b]">SDIO_IRQHandler</a> from startup_stm32f10x_hd.o(.text) referenced from startup_stm32f10x_hd.o(RESET)
 <LI><a href="#[2d]">SPI1_IRQHandler</a> from startup_stm32f10x_hd.o(.text) referenced from startup_stm32f10x_hd.o(RESET)
 <LI><a href="#[2e]">SPI2_IRQHandler</a> from startup_stm32f10x_hd.o(.text) referenced from startup_stm32f10x_hd.o(RESET)
 <LI><a href="#[3d]">SPI3_IRQHandler</a> from startup_stm32f10x_hd.o(.text) referenced from startup_stm32f10x_hd.o(RESET)
 <LI><a href="#[6]">SVC_Handler</a> from stm32f10x_it.o(i.SVC_Handler) referenced from startup_stm32f10x_hd.o(RESET)
 <LI><a href="#[9]">SysTick_Handler</a> from stm32f10x_it.o(i.SysTick_Handler) referenced from startup_stm32f10x_hd.o(RESET)
 <LI><a href="#[47]">SystemInit</a> from system_stm32f10x.o(i.SystemInit) referenced from startup_stm32f10x_hd.o(.text)
 <LI><a href="#[c]">TAMPER_IRQHandler</a> from startup_stm32f10x_hd.o(.text) referenced from startup_stm32f10x_hd.o(RESET)
 <LI><a href="#[22]">TIM1_BRK_IRQHandler</a> from startup_stm32f10x_hd.o(.text) referenced from startup_stm32f10x_hd.o(RESET)
 <LI><a href="#[25]">TIM1_CC_IRQHandler</a> from startup_stm32f10x_hd.o(.text) referenced from startup_stm32f10x_hd.o(RESET)
 <LI><a href="#[24]">TIM1_TRG_COM_IRQHandler</a> from startup_stm32f10x_hd.o(.text) referenced from startup_stm32f10x_hd.o(RESET)
 <LI><a href="#[23]">TIM1_UP_IRQHandler</a> from startup_stm32f10x_hd.o(.text) referenced from startup_stm32f10x_hd.o(RESET)
 <LI><a href="#[26]">TIM2_IRQHandler</a> from startup_stm32f10x_hd.o(.text) referenced from startup_stm32f10x_hd.o(RESET)
 <LI><a href="#[27]">TIM3_IRQHandler</a> from startup_stm32f10x_hd.o(.text) referenced from startup_stm32f10x_hd.o(RESET)
 <LI><a href="#[28]">TIM4_IRQHandler</a> from startup_stm32f10x_hd.o(.text) referenced from startup_stm32f10x_hd.o(RESET)
 <LI><a href="#[3c]">TIM5_IRQHandler</a> from startup_stm32f10x_hd.o(.text) referenced from startup_stm32f10x_hd.o(RESET)
 <LI><a href="#[40]">TIM6_IRQHandler</a> from startup_stm32f10x_hd.o(.text) referenced from startup_stm32f10x_hd.o(RESET)
 <LI><a href="#[41]">TIM7_IRQHandler</a> from startup_stm32f10x_hd.o(.text) referenced from startup_stm32f10x_hd.o(RESET)
 <LI><a href="#[35]">TIM8_BRK_IRQHandler</a> from startup_stm32f10x_hd.o(.text) referenced from startup_stm32f10x_hd.o(RESET)
 <LI><a href="#[38]">TIM8_CC_IRQHandler</a> from startup_stm32f10x_hd.o(.text) referenced from startup_stm32f10x_hd.o(RESET)
 <LI><a href="#[37]">TIM8_TRG_COM_IRQHandler</a> from startup_stm32f10x_hd.o(.text) referenced from startup_stm32f10x_hd.o(RESET)
 <LI><a href="#[36]">TIM8_UP_IRQHandler</a> from startup_stm32f10x_hd.o(.text) referenced from startup_stm32f10x_hd.o(RESET)
 <LI><a href="#[3e]">UART4_IRQHandler</a> from startup_stm32f10x_hd.o(.text) referenced from startup_stm32f10x_hd.o(RESET)
 <LI><a href="#[3f]">UART5_IRQHandler</a> from startup_stm32f10x_hd.o(.text) referenced from startup_stm32f10x_hd.o(RESET)
 <LI><a href="#[2f]">USART1_IRQHandler</a> from startup_stm32f10x_hd.o(.text) referenced from startup_stm32f10x_hd.o(RESET)
 <LI><a href="#[30]">USART2_IRQHandler</a> from startup_stm32f10x_hd.o(.text) referenced from startup_stm32f10x_hd.o(RESET)
 <LI><a href="#[31]">USART3_IRQHandler</a> from startup_stm32f10x_hd.o(.text) referenced from startup_stm32f10x_hd.o(RESET)
 <LI><a href="#[34]">USBWakeUp_IRQHandler</a> from startup_stm32f10x_hd.o(.text) referenced from startup_stm32f10x_hd.o(RESET)
 <LI><a href="#[1d]">USB_HP_CAN1_TX_IRQHandler</a> from startup_stm32f10x_hd.o(.text) referenced from startup_stm32f10x_hd.o(RESET)
 <LI><a href="#[1e]">USB_LP_CAN1_RX0_IRQHandler</a> from startup_stm32f10x_hd.o(.text) referenced from startup_stm32f10x_hd.o(RESET)
 <LI><a href="#[5]">UsageFault_Handler</a> from stm32f10x_it.o(i.UsageFault_Handler) referenced from startup_stm32f10x_hd.o(RESET)
 <LI><a href="#[a]">WWDG_IRQHandler</a> from startup_stm32f10x_hd.o(.text) referenced from startup_stm32f10x_hd.o(RESET)
 <LI><a href="#[48]">__main</a> from entry.o(.ARM.Collect$$$$00000000) referenced from startup_stm32f10x_hd.o(.text)
 <LI><a href="#[46]">main</a> from main.o(i.main) referenced from entry9a.o(.ARM.Collect$$$$0000000B)
</UL>
<P>
<H3>
Global Symbols
</H3>
<P><STRONG><a name="[48]"></a>__main</STRONG> (Thumb, 0 bytes, Stack size unknown bytes, entry.o(.ARM.Collect$$$$00000000))
<BR>[Address Reference Count : 1]<UL><LI> startup_stm32f10x_hd.o(.text)
</UL>
<P><STRONG><a name="[8c]"></a>_main_stk</STRONG> (Thumb, 0 bytes, Stack size unknown bytes, entry2.o(.ARM.Collect$$$$00000001))

<P><STRONG><a name="[49]"></a>_main_scatterload</STRONG> (Thumb, 0 bytes, Stack size unknown bytes, entry5.o(.ARM.Collect$$$$00000004))
<BR><BR>[Calls]<UL><LI><a href="#[4a]">&gt;&gt;</a>&nbsp;&nbsp;&nbsp;__scatterload
</UL>

<P><STRONG><a name="[4b]"></a>__main_after_scatterload</STRONG> (Thumb, 0 bytes, Stack size unknown bytes, entry5.o(.ARM.Collect$$$$00000004))
<BR><BR>[Called By]<UL><LI><a href="#[4a]">&gt;&gt;</a>&nbsp;&nbsp;&nbsp;__scatterload
</UL>

<P><STRONG><a name="[8d]"></a>_main_clock</STRONG> (Thumb, 0 bytes, Stack size unknown bytes, entry7b.o(.ARM.Collect$$$$00000008))

<P><STRONG><a name="[8e]"></a>_main_cpp_init</STRONG> (Thumb, 0 bytes, Stack size unknown bytes, entry8b.o(.ARM.Collect$$$$0000000A))

<P><STRONG><a name="[8f]"></a>_main_init</STRONG> (Thumb, 0 bytes, Stack size unknown bytes, entry9a.o(.ARM.Collect$$$$0000000B))

<P><STRONG><a name="[90]"></a>__rt_final_cpp</STRONG> (Thumb, 0 bytes, Stack size unknown bytes, entry10a.o(.ARM.Collect$$$$0000000D))

<P><STRONG><a name="[91]"></a>__rt_final_exit</STRONG> (Thumb, 0 bytes, Stack size unknown bytes, entry11a.o(.ARM.Collect$$$$0000000F))

<P><STRONG><a name="[0]"></a>Reset_Handler</STRONG> (Thumb, 8 bytes, Stack size 0 bytes, startup_stm32f10x_hd.o(.text))
<BR>[Address Reference Count : 1]<UL><LI> startup_stm32f10x_hd.o(RESET)
</UL>
<P><STRONG><a name="[1c]"></a>ADC1_2_IRQHandler</STRONG> (Thumb, 0 bytes, Stack size 0 bytes, startup_stm32f10x_hd.o(.text))
<BR><BR>[Calls]<UL><LI><a href="#[1c]">&gt;&gt;</a>&nbsp;&nbsp;&nbsp;ADC1_2_IRQHandler
</UL>
<BR>[Called By]<UL><LI><a href="#[1c]">&gt;&gt;</a>&nbsp;&nbsp;&nbsp;ADC1_2_IRQHandler
</UL>
<BR>[Address Reference Count : 1]<UL><LI> startup_stm32f10x_hd.o(RESET)
</UL>
<P><STRONG><a name="[39]"></a>ADC3_IRQHandler</STRONG> (Thumb, 0 bytes, Stack size 0 bytes, startup_stm32f10x_hd.o(.text))
<BR>[Address Reference Count : 1]<UL><LI> startup_stm32f10x_hd.o(RESET)
</UL>
<P><STRONG><a name="[1f]"></a>CAN1_RX1_IRQHandler</STRONG> (Thumb, 0 bytes, Stack size 0 bytes, startup_stm32f10x_hd.o(.text))
<BR>[Address Reference Count : 1]<UL><LI> startup_stm32f10x_hd.o(RESET)
</UL>
<P><STRONG><a name="[20]"></a>CAN1_SCE_IRQHandler</STRONG> (Thumb, 0 bytes, Stack size 0 bytes, startup_stm32f10x_hd.o(.text))
<BR>[Address Reference Count : 1]<UL><LI> startup_stm32f10x_hd.o(RESET)
</UL>
<P><STRONG><a name="[15]"></a>DMA1_Channel1_IRQHandler</STRONG> (Thumb, 0 bytes, Stack size 0 bytes, startup_stm32f10x_hd.o(.text))
<BR>[Address Reference Count : 1]<UL><LI> startup_stm32f10x_hd.o(RESET)
</UL>
<P><STRONG><a name="[16]"></a>DMA1_Channel2_IRQHandler</STRONG> (Thumb, 0 bytes, Stack size 0 bytes, startup_stm32f10x_hd.o(.text))
<BR>[Address Reference Count : 1]<UL><LI> startup_stm32f10x_hd.o(RESET)
</UL>
<P><STRONG><a name="[17]"></a>DMA1_Channel3_IRQHandler</STRONG> (Thumb, 0 bytes, Stack size 0 bytes, startup_stm32f10x_hd.o(.text))
<BR>[Address Reference Count : 1]<UL><LI> startup_stm32f10x_hd.o(RESET)
</UL>
<P><STRONG><a name="[18]"></a>DMA1_Channel4_IRQHandler</STRONG> (Thumb, 0 bytes, Stack size 0 bytes, startup_stm32f10x_hd.o(.text))
<BR>[Address Reference Count : 1]<UL><LI> startup_stm32f10x_hd.o(RESET)
</UL>
<P><STRONG><a name="[19]"></a>DMA1_Channel5_IRQHandler</STRONG> (Thumb, 0 bytes, Stack size 0 bytes, startup_stm32f10x_hd.o(.text))
<BR>[Address Reference Count : 1]<UL><LI> startup_stm32f10x_hd.o(RESET)
</UL>
<P><STRONG><a name="[1a]"></a>DMA1_Channel6_IRQHandler</STRONG> (Thumb, 0 bytes, Stack size 0 bytes, startup_stm32f10x_hd.o(.text))
<BR>[Address Reference Count : 1]<UL><LI> startup_stm32f10x_hd.o(RESET)
</UL>
<P><STRONG><a name="[1b]"></a>DMA1_Channel7_IRQHandler</STRONG> (Thumb, 0 bytes, Stack size 0 bytes, startup_stm32f10x_hd.o(.text))
<BR>[Address Reference Count : 1]<UL><LI> startup_stm32f10x_hd.o(RESET)
</UL>
<P><STRONG><a name="[42]"></a>DMA2_Channel1_IRQHandler</STRONG> (Thumb, 0 bytes, Stack size 0 bytes, startup_stm32f10x_hd.o(.text))
<BR>[Address Reference Count : 1]<UL><LI> startup_stm32f10x_hd.o(RESET)
</UL>
<P><STRONG><a name="[43]"></a>DMA2_Channel2_IRQHandler</STRONG> (Thumb, 0 bytes, Stack size 0 bytes, startup_stm32f10x_hd.o(.text))
<BR>[Address Reference Count : 1]<UL><LI> startup_stm32f10x_hd.o(RESET)
</UL>
<P><STRONG><a name="[44]"></a>DMA2_Channel3_IRQHandler</STRONG> (Thumb, 0 bytes, Stack size 0 bytes, startup_stm32f10x_hd.o(.text))
<BR>[Address Reference Count : 1]<UL><LI> startup_stm32f10x_hd.o(RESET)
</UL>
<P><STRONG><a name="[45]"></a>DMA2_Channel4_5_IRQHandler</STRONG> (Thumb, 0 bytes, Stack size 0 bytes, startup_stm32f10x_hd.o(.text))
<BR>[Address Reference Count : 1]<UL><LI> startup_stm32f10x_hd.o(RESET)
</UL>
<P><STRONG><a name="[10]"></a>EXTI0_IRQHandler</STRONG> (Thumb, 0 bytes, Stack size 0 bytes, startup_stm32f10x_hd.o(.text))
<BR>[Address Reference Count : 1]<UL><LI> startup_stm32f10x_hd.o(RESET)
</UL>
<P><STRONG><a name="[32]"></a>EXTI15_10_IRQHandler</STRONG> (Thumb, 0 bytes, Stack size 0 bytes, startup_stm32f10x_hd.o(.text))
<BR>[Address Reference Count : 1]<UL><LI> startup_stm32f10x_hd.o(RESET)
</UL>
<P><STRONG><a name="[11]"></a>EXTI1_IRQHandler</STRONG> (Thumb, 0 bytes, Stack size 0 bytes, startup_stm32f10x_hd.o(.text))
<BR>[Address Reference Count : 1]<UL><LI> startup_stm32f10x_hd.o(RESET)
</UL>
<P><STRONG><a name="[12]"></a>EXTI2_IRQHandler</STRONG> (Thumb, 0 bytes, Stack size 0 bytes, startup_stm32f10x_hd.o(.text))
<BR>[Address Reference Count : 1]<UL><LI> startup_stm32f10x_hd.o(RESET)
</UL>
<P><STRONG><a name="[13]"></a>EXTI3_IRQHandler</STRONG> (Thumb, 0 bytes, Stack size 0 bytes, startup_stm32f10x_hd.o(.text))
<BR>[Address Reference Count : 1]<UL><LI> startup_stm32f10x_hd.o(RESET)
</UL>
<P><STRONG><a name="[14]"></a>EXTI4_IRQHandler</STRONG> (Thumb, 0 bytes, Stack size 0 bytes, startup_stm32f10x_hd.o(.text))
<BR>[Address Reference Count : 1]<UL><LI> startup_stm32f10x_hd.o(RESET)
</UL>
<P><STRONG><a name="[21]"></a>EXTI9_5_IRQHandler</STRONG> (Thumb, 0 bytes, Stack size 0 bytes, startup_stm32f10x_hd.o(.text))
<BR>[Address Reference Count : 1]<UL><LI> startup_stm32f10x_hd.o(RESET)
</UL>
<P><STRONG><a name="[e]"></a>FLASH_IRQHandler</STRONG> (Thumb, 0 bytes, Stack size 0 bytes, startup_stm32f10x_hd.o(.text))
<BR>[Address Reference Count : 1]<UL><LI> startup_stm32f10x_hd.o(RESET)
</UL>
<P><STRONG><a name="[3a]"></a>FSMC_IRQHandler</STRONG> (Thumb, 0 bytes, Stack size 0 bytes, startup_stm32f10x_hd.o(.text))
<BR>[Address Reference Count : 1]<UL><LI> startup_stm32f10x_hd.o(RESET)
</UL>
<P><STRONG><a name="[2a]"></a>I2C1_ER_IRQHandler</STRONG> (Thumb, 0 bytes, Stack size 0 bytes, startup_stm32f10x_hd.o(.text))
<BR>[Address Reference Count : 1]<UL><LI> startup_stm32f10x_hd.o(RESET)
</UL>
<P><STRONG><a name="[29]"></a>I2C1_EV_IRQHandler</STRONG> (Thumb, 0 bytes, Stack size 0 bytes, startup_stm32f10x_hd.o(.text))
<BR>[Address Reference Count : 1]<UL><LI> startup_stm32f10x_hd.o(RESET)
</UL>
<P><STRONG><a name="[2c]"></a>I2C2_ER_IRQHandler</STRONG> (Thumb, 0 bytes, Stack size 0 bytes, startup_stm32f10x_hd.o(.text))
<BR>[Address Reference Count : 1]<UL><LI> startup_stm32f10x_hd.o(RESET)
</UL>
<P><STRONG><a name="[2b]"></a>I2C2_EV_IRQHandler</STRONG> (Thumb, 0 bytes, Stack size 0 bytes, startup_stm32f10x_hd.o(.text))
<BR>[Address Reference Count : 1]<UL><LI> startup_stm32f10x_hd.o(RESET)
</UL>
<P><STRONG><a name="[b]"></a>PVD_IRQHandler</STRONG> (Thumb, 0 bytes, Stack size 0 bytes, startup_stm32f10x_hd.o(.text))
<BR>[Address Reference Count : 1]<UL><LI> startup_stm32f10x_hd.o(RESET)
</UL>
<P><STRONG><a name="[f]"></a>RCC_IRQHandler</STRONG> (Thumb, 0 bytes, Stack size 0 bytes, startup_stm32f10x_hd.o(.text))
<BR>[Address Reference Count : 1]<UL><LI> startup_stm32f10x_hd.o(RESET)
</UL>
<P><STRONG><a name="[33]"></a>RTCAlarm_IRQHandler</STRONG> (Thumb, 0 bytes, Stack size 0 bytes, startup_stm32f10x_hd.o(.text))
<BR>[Address Reference Count : 1]<UL><LI> startup_stm32f10x_hd.o(RESET)
</UL>
<P><STRONG><a name="[d]"></a>RTC_IRQHandler</STRONG> (Thumb, 0 bytes, Stack size 0 bytes, startup_stm32f10x_hd.o(.text))
<BR>[Address Reference Count : 1]<UL><LI> startup_stm32f10x_hd.o(RESET)
</UL>
<P><STRONG><a name="[3b]"></a>SDIO_IRQHandler</STRONG> (Thumb, 0 bytes, Stack size 0 bytes, startup_stm32f10x_hd.o(.text))
<BR>[Address Reference Count : 1]<UL><LI> startup_stm32f10x_hd.o(RESET)
</UL>
<P><STRONG><a name="[2d]"></a>SPI1_IRQHandler</STRONG> (Thumb, 0 bytes, Stack size 0 bytes, startup_stm32f10x_hd.o(.text))
<BR>[Address Reference Count : 1]<UL><LI> startup_stm32f10x_hd.o(RESET)
</UL>
<P><STRONG><a name="[2e]"></a>SPI2_IRQHandler</STRONG> (Thumb, 0 bytes, Stack size 0 bytes, startup_stm32f10x_hd.o(.text))
<BR>[Address Reference Count : 1]<UL><LI> startup_stm32f10x_hd.o(RESET)
</UL>
<P><STRONG><a name="[3d]"></a>SPI3_IRQHandler</STRONG> (Thumb, 0 bytes, Stack size 0 bytes, startup_stm32f10x_hd.o(.text))
<BR>[Address Reference Count : 1]<UL><LI> startup_stm32f10x_hd.o(RESET)
</UL>
<P><STRONG><a name="[c]"></a>TAMPER_IRQHandler</STRONG> (Thumb, 0 bytes, Stack size 0 bytes, startup_stm32f10x_hd.o(.text))
<BR>[Address Reference Count : 1]<UL><LI> startup_stm32f10x_hd.o(RESET)
</UL>
<P><STRONG><a name="[22]"></a>TIM1_BRK_IRQHandler</STRONG> (Thumb, 0 bytes, Stack size 0 bytes, startup_stm32f10x_hd.o(.text))
<BR>[Address Reference Count : 1]<UL><LI> startup_stm32f10x_hd.o(RESET)
</UL>
<P><STRONG><a name="[25]"></a>TIM1_CC_IRQHandler</STRONG> (Thumb, 0 bytes, Stack size 0 bytes, startup_stm32f10x_hd.o(.text))
<BR>[Address Reference Count : 1]<UL><LI> startup_stm32f10x_hd.o(RESET)
</UL>
<P><STRONG><a name="[24]"></a>TIM1_TRG_COM_IRQHandler</STRONG> (Thumb, 0 bytes, Stack size 0 bytes, startup_stm32f10x_hd.o(.text))
<BR>[Address Reference Count : 1]<UL><LI> startup_stm32f10x_hd.o(RESET)
</UL>
<P><STRONG><a name="[23]"></a>TIM1_UP_IRQHandler</STRONG> (Thumb, 0 bytes, Stack size 0 bytes, startup_stm32f10x_hd.o(.text))
<BR>[Address Reference Count : 1]<UL><LI> startup_stm32f10x_hd.o(RESET)
</UL>
<P><STRONG><a name="[26]"></a>TIM2_IRQHandler</STRONG> (Thumb, 0 bytes, Stack size 0 bytes, startup_stm32f10x_hd.o(.text))
<BR>[Address Reference Count : 1]<UL><LI> startup_stm32f10x_hd.o(RESET)
</UL>
<P><STRONG><a name="[27]"></a>TIM3_IRQHandler</STRONG> (Thumb, 0 bytes, Stack size 0 bytes, startup_stm32f10x_hd.o(.text))
<BR>[Address Reference Count : 1]<UL><LI> startup_stm32f10x_hd.o(RESET)
</UL>
<P><STRONG><a name="[28]"></a>TIM4_IRQHandler</STRONG> (Thumb, 0 bytes, Stack size 0 bytes, startup_stm32f10x_hd.o(.text))
<BR>[Address Reference Count : 1]<UL><LI> startup_stm32f10x_hd.o(RESET)
</UL>
<P><STRONG><a name="[3c]"></a>TIM5_IRQHandler</STRONG> (Thumb, 0 bytes, Stack size 0 bytes, startup_stm32f10x_hd.o(.text))
<BR>[Address Reference Count : 1]<UL><LI> startup_stm32f10x_hd.o(RESET)
</UL>
<P><STRONG><a name="[40]"></a>TIM6_IRQHandler</STRONG> (Thumb, 0 bytes, Stack size 0 bytes, startup_stm32f10x_hd.o(.text))
<BR>[Address Reference Count : 1]<UL><LI> startup_stm32f10x_hd.o(RESET)
</UL>
<P><STRONG><a name="[41]"></a>TIM7_IRQHandler</STRONG> (Thumb, 0 bytes, Stack size 0 bytes, startup_stm32f10x_hd.o(.text))
<BR>[Address Reference Count : 1]<UL><LI> startup_stm32f10x_hd.o(RESET)
</UL>
<P><STRONG><a name="[35]"></a>TIM8_BRK_IRQHandler</STRONG> (Thumb, 0 bytes, Stack size 0 bytes, startup_stm32f10x_hd.o(.text))
<BR>[Address Reference Count : 1]<UL><LI> startup_stm32f10x_hd.o(RESET)
</UL>
<P><STRONG><a name="[38]"></a>TIM8_CC_IRQHandler</STRONG> (Thumb, 0 bytes, Stack size 0 bytes, startup_stm32f10x_hd.o(.text))
<BR>[Address Reference Count : 1]<UL><LI> startup_stm32f10x_hd.o(RESET)
</UL>
<P><STRONG><a name="[37]"></a>TIM8_TRG_COM_IRQHandler</STRONG> (Thumb, 0 bytes, Stack size 0 bytes, startup_stm32f10x_hd.o(.text))
<BR>[Address Reference Count : 1]<UL><LI> startup_stm32f10x_hd.o(RESET)
</UL>
<P><STRONG><a name="[36]"></a>TIM8_UP_IRQHandler</STRONG> (Thumb, 0 bytes, Stack size 0 bytes, startup_stm32f10x_hd.o(.text))
<BR>[Address Reference Count : 1]<UL><LI> startup_stm32f10x_hd.o(RESET)
</UL>
<P><STRONG><a name="[3e]"></a>UART4_IRQHandler</STRONG> (Thumb, 0 bytes, Stack size 0 bytes, startup_stm32f10x_hd.o(.text))
<BR>[Address Reference Count : 1]<UL><LI> startup_stm32f10x_hd.o(RESET)
</UL>
<P><STRONG><a name="[3f]"></a>UART5_IRQHandler</STRONG> (Thumb, 0 bytes, Stack size 0 bytes, startup_stm32f10x_hd.o(.text))
<BR>[Address Reference Count : 1]<UL><LI> startup_stm32f10x_hd.o(RESET)
</UL>
<P><STRONG><a name="[2f]"></a>USART1_IRQHandler</STRONG> (Thumb, 0 bytes, Stack size 0 bytes, startup_stm32f10x_hd.o(.text))
<BR>[Address Reference Count : 1]<UL><LI> startup_stm32f10x_hd.o(RESET)
</UL>
<P><STRONG><a name="[30]"></a>USART2_IRQHandler</STRONG> (Thumb, 0 bytes, Stack size 0 bytes, startup_stm32f10x_hd.o(.text))
<BR>[Address Reference Count : 1]<UL><LI> startup_stm32f10x_hd.o(RESET)
</UL>
<P><STRONG><a name="[31]"></a>USART3_IRQHandler</STRONG> (Thumb, 0 bytes, Stack size 0 bytes, startup_stm32f10x_hd.o(.text))
<BR>[Address Reference Count : 1]<UL><LI> startup_stm32f10x_hd.o(RESET)
</UL>
<P><STRONG><a name="[34]"></a>USBWakeUp_IRQHandler</STRONG> (Thumb, 0 bytes, Stack size 0 bytes, startup_stm32f10x_hd.o(.text))
<BR>[Address Reference Count : 1]<UL><LI> startup_stm32f10x_hd.o(RESET)
</UL>
<P><STRONG><a name="[1d]"></a>USB_HP_CAN1_TX_IRQHandler</STRONG> (Thumb, 0 bytes, Stack size 0 bytes, startup_stm32f10x_hd.o(.text))
<BR>[Address Reference Count : 1]<UL><LI> startup_stm32f10x_hd.o(RESET)
</UL>
<P><STRONG><a name="[1e]"></a>USB_LP_CAN1_RX0_IRQHandler</STRONG> (Thumb, 0 bytes, Stack size 0 bytes, startup_stm32f10x_hd.o(.text))
<BR>[Address Reference Count : 1]<UL><LI> startup_stm32f10x_hd.o(RESET)
</UL>
<P><STRONG><a name="[a]"></a>WWDG_IRQHandler</STRONG> (Thumb, 0 bytes, Stack size 0 bytes, startup_stm32f10x_hd.o(.text))
<BR>[Address Reference Count : 1]<UL><LI> startup_stm32f10x_hd.o(RESET)
</UL>
<P><STRONG><a name="[4a]"></a>__scatterload</STRONG> (Thumb, 28 bytes, Stack size 0 bytes, init.o(.text))
<BR><BR>[Calls]<UL><LI><a href="#[4b]">&gt;&gt;</a>&nbsp;&nbsp;&nbsp;__main_after_scatterload
</UL>
<BR>[Called By]<UL><LI><a href="#[49]">&gt;&gt;</a>&nbsp;&nbsp;&nbsp;_main_scatterload
</UL>

<P><STRONG><a name="[92]"></a>__scatterload_rt2</STRONG> (Thumb, 0 bytes, Stack size 0 bytes, init.o(.text), UNUSED)

<P><STRONG><a name="[4c]"></a>Arm_Config</STRONG> (Thumb, 44 bytes, Stack size 16 bytes, mechanical_arm.o(i.Arm_Config))
<BR><BR>[Stack]<UL><LI>Max Depth = 124<LI>Call Chain = Arm_Config &rArr; PCA9685_Init &rArr; PCA9685_I2C_Init &rArr; PCA9685_I2C_Mode_Config &rArr; I2C_Init &rArr; RCC_GetClocksFreq
</UL>
<BR>[Calls]<UL><LI><a href="#[4e]">&gt;&gt;</a>&nbsp;&nbsp;&nbsp;PCA9685_Init
<LI><a href="#[4d]">&gt;&gt;</a>&nbsp;&nbsp;&nbsp;PCA9685_I2C_Init
</UL>
<BR>[Called By]<UL><LI><a href="#[6f]">&gt;&gt;</a>&nbsp;&nbsp;&nbsp;Tire_Config
<LI><a href="#[46]">&gt;&gt;</a>&nbsp;&nbsp;&nbsp;main
</UL>

<P><STRONG><a name="[4]"></a>BusFault_Handler</STRONG> (Thumb, 4 bytes, Stack size 0 bytes, stm32f10x_it.o(i.BusFault_Handler))
<BR>[Address Reference Count : 1]<UL><LI> startup_stm32f10x_hd.o(RESET)
</UL>
<P><STRONG><a name="[4f]"></a>Controller_Config</STRONG> (Thumb, 94 bytes, Stack size 8 bytes, controller.o(i.Controller_Config))
<BR><BR>[Stack]<UL><LI>Max Depth = 40<LI>Call Chain = Controller_Config &rArr; controlModeConfirm_Config &rArr; GPIO_Init
</UL>
<BR>[Calls]<UL><LI><a href="#[50]">&gt;&gt;</a>&nbsp;&nbsp;&nbsp;RCC_APB2PeriphClockCmd
<LI><a href="#[51]">&gt;&gt;</a>&nbsp;&nbsp;&nbsp;GPIO_Init
<LI><a href="#[56]">&gt;&gt;</a>&nbsp;&nbsp;&nbsp;turnOnVibrationMode
<LI><a href="#[55]">&gt;&gt;</a>&nbsp;&nbsp;&nbsp;turnOnModeChange
<LI><a href="#[53]">&gt;&gt;</a>&nbsp;&nbsp;&nbsp;shortPoll
<LI><a href="#[57]">&gt;&gt;</a>&nbsp;&nbsp;&nbsp;saveChangesAndExit
<LI><a href="#[54]">&gt;&gt;</a>&nbsp;&nbsp;&nbsp;enterSettings
<LI><a href="#[52]">&gt;&gt;</a>&nbsp;&nbsp;&nbsp;controlModeConfirm_Config
<LI><a href="#[58]">&gt;&gt;</a>&nbsp;&nbsp;&nbsp;clrPS2Buff
</UL>
<BR>[Called By]<UL><LI><a href="#[46]">&gt;&gt;</a>&nbsp;&nbsp;&nbsp;main
</UL>

<P><STRONG><a name="[7]"></a>DebugMon_Handler</STRONG> (Thumb, 2 bytes, Stack size 0 bytes, stm32f10x_it.o(i.DebugMon_Handler))
<BR>[Address Reference Count : 1]<UL><LI> startup_stm32f10x_hd.o(RESET)
</UL>
<P><STRONG><a name="[51]"></a>GPIO_Init</STRONG> (Thumb, 278 bytes, Stack size 24 bytes, stm32f10x_gpio.o(i.GPIO_Init))
<BR><BR>[Stack]<UL><LI>Max Depth = 24<LI>Call Chain = GPIO_Init
</UL>
<BR>[Called By]<UL><LI><a href="#[61]">&gt;&gt;</a>&nbsp;&nbsp;&nbsp;PCA9685_I2C_GPIO_Config
<LI><a href="#[71]">&gt;&gt;</a>&nbsp;&nbsp;&nbsp;USART1_Config
<LI><a href="#[6f]">&gt;&gt;</a>&nbsp;&nbsp;&nbsp;Tire_Config
<LI><a href="#[52]">&gt;&gt;</a>&nbsp;&nbsp;&nbsp;controlModeConfirm_Config
<LI><a href="#[4f]">&gt;&gt;</a>&nbsp;&nbsp;&nbsp;Controller_Config
</UL>

<P><STRONG><a name="[85]"></a>GPIO_ReadInputDataBit</STRONG> (Thumb, 18 bytes, Stack size 0 bytes, stm32f10x_gpio.o(i.GPIO_ReadInputDataBit))
<BR><BR>[Called By]<UL><LI><a href="#[7d]">&gt;&gt;</a>&nbsp;&nbsp;&nbsp;sendCmd2PS2
<LI><a href="#[80]">&gt;&gt;</a>&nbsp;&nbsp;&nbsp;sendCmd2MCU
</UL>

<P><STRONG><a name="[87]"></a>GPIO_ReadOutputData</STRONG> (Thumb, 8 bytes, Stack size 0 bytes, stm32f10x_gpio.o(i.GPIO_ReadOutputData))
<BR><BR>[Called By]<UL><LI><a href="#[70]">&gt;&gt;</a>&nbsp;&nbsp;&nbsp;stopTheCar
<LI><a href="#[8b]">&gt;&gt;</a>&nbsp;&nbsp;&nbsp;setTurnRight
<LI><a href="#[8a]">&gt;&gt;</a>&nbsp;&nbsp;&nbsp;setTurnLeft
<LI><a href="#[89]">&gt;&gt;</a>&nbsp;&nbsp;&nbsp;setForwards
<LI><a href="#[86]">&gt;&gt;</a>&nbsp;&nbsp;&nbsp;setBackwards
</UL>

<P><STRONG><a name="[7b]"></a>GPIO_ResetBits</STRONG> (Thumb, 4 bytes, Stack size 0 bytes, stm32f10x_gpio.o(i.GPIO_ResetBits))
<BR><BR>[Called By]<UL><LI><a href="#[56]">&gt;&gt;</a>&nbsp;&nbsp;&nbsp;turnOnVibrationMode
<LI><a href="#[55]">&gt;&gt;</a>&nbsp;&nbsp;&nbsp;turnOnModeChange
<LI><a href="#[53]">&gt;&gt;</a>&nbsp;&nbsp;&nbsp;shortPoll
<LI><a href="#[7d]">&gt;&gt;</a>&nbsp;&nbsp;&nbsp;sendCmd2PS2
<LI><a href="#[80]">&gt;&gt;</a>&nbsp;&nbsp;&nbsp;sendCmd2MCU
<LI><a href="#[57]">&gt;&gt;</a>&nbsp;&nbsp;&nbsp;saveChangesAndExit
<LI><a href="#[82]">&gt;&gt;</a>&nbsp;&nbsp;&nbsp;isAutoControl
<LI><a href="#[54]">&gt;&gt;</a>&nbsp;&nbsp;&nbsp;enterSettings
</UL>

<P><STRONG><a name="[7e]"></a>GPIO_SetBits</STRONG> (Thumb, 4 bytes, Stack size 0 bytes, stm32f10x_gpio.o(i.GPIO_SetBits))
<BR><BR>[Called By]<UL><LI><a href="#[56]">&gt;&gt;</a>&nbsp;&nbsp;&nbsp;turnOnVibrationMode
<LI><a href="#[55]">&gt;&gt;</a>&nbsp;&nbsp;&nbsp;turnOnModeChange
<LI><a href="#[53]">&gt;&gt;</a>&nbsp;&nbsp;&nbsp;shortPoll
<LI><a href="#[7d]">&gt;&gt;</a>&nbsp;&nbsp;&nbsp;sendCmd2PS2
<LI><a href="#[80]">&gt;&gt;</a>&nbsp;&nbsp;&nbsp;sendCmd2MCU
<LI><a href="#[57]">&gt;&gt;</a>&nbsp;&nbsp;&nbsp;saveChangesAndExit
<LI><a href="#[82]">&gt;&gt;</a>&nbsp;&nbsp;&nbsp;isAutoControl
<LI><a href="#[54]">&gt;&gt;</a>&nbsp;&nbsp;&nbsp;enterSettings
</UL>

<P><STRONG><a name="[88]"></a>GPIO_Write</STRONG> (Thumb, 4 bytes, Stack size 0 bytes, stm32f10x_gpio.o(i.GPIO_Write))
<BR><BR>[Called By]<UL><LI><a href="#[70]">&gt;&gt;</a>&nbsp;&nbsp;&nbsp;stopTheCar
<LI><a href="#[8b]">&gt;&gt;</a>&nbsp;&nbsp;&nbsp;setTurnRight
<LI><a href="#[8a]">&gt;&gt;</a>&nbsp;&nbsp;&nbsp;setTurnLeft
<LI><a href="#[89]">&gt;&gt;</a>&nbsp;&nbsp;&nbsp;setForwards
<LI><a href="#[86]">&gt;&gt;</a>&nbsp;&nbsp;&nbsp;setBackwards
</UL>

<P><STRONG><a name="[2]"></a>HardFault_Handler</STRONG> (Thumb, 4 bytes, Stack size 0 bytes, stm32f10x_it.o(i.HardFault_Handler))
<BR>[Address Reference Count : 1]<UL><LI> startup_stm32f10x_hd.o(RESET)
</UL>
<P><STRONG><a name="[5d]"></a>I2C_CheckEvent</STRONG> (Thumb, 42 bytes, Stack size 16 bytes, stm32f10x_i2c.o(i.I2C_CheckEvent))
<BR><BR>[Stack]<UL><LI>Max Depth = 16<LI>Call Chain = I2C_CheckEvent
</UL>
<BR>[Called By]<UL><LI><a href="#[68]">&gt;&gt;</a>&nbsp;&nbsp;&nbsp;PCA9685_I2C_Write
<LI><a href="#[65]">&gt;&gt;</a>&nbsp;&nbsp;&nbsp;PCA9685_I2C_RequestFrom
<LI><a href="#[5b]">&gt;&gt;</a>&nbsp;&nbsp;&nbsp;PCA9685_I2C_BeginTransmission
</UL>

<P><STRONG><a name="[64]"></a>I2C_Cmd</STRONG> (Thumb, 24 bytes, Stack size 0 bytes, stm32f10x_i2c.o(i.I2C_Cmd))
<BR><BR>[Called By]<UL><LI><a href="#[63]">&gt;&gt;</a>&nbsp;&nbsp;&nbsp;PCA9685_I2C_Mode_Config
</UL>

<P><STRONG><a name="[5c]"></a>I2C_GenerateSTART</STRONG> (Thumb, 24 bytes, Stack size 0 bytes, stm32f10x_i2c.o(i.I2C_GenerateSTART))
<BR><BR>[Called By]<UL><LI><a href="#[65]">&gt;&gt;</a>&nbsp;&nbsp;&nbsp;PCA9685_I2C_RequestFrom
<LI><a href="#[5b]">&gt;&gt;</a>&nbsp;&nbsp;&nbsp;PCA9685_I2C_BeginTransmission
</UL>

<P><STRONG><a name="[60]"></a>I2C_GenerateSTOP</STRONG> (Thumb, 24 bytes, Stack size 0 bytes, stm32f10x_i2c.o(i.I2C_GenerateSTOP))
<BR><BR>[Called By]<UL><LI><a href="#[65]">&gt;&gt;</a>&nbsp;&nbsp;&nbsp;PCA9685_I2C_RequestFrom
<LI><a href="#[5f]">&gt;&gt;</a>&nbsp;&nbsp;&nbsp;PCA9685_I2C_EndTransmission
</UL>

<P><STRONG><a name="[66]"></a>I2C_GetFlagStatus</STRONG> (Thumb, 58 bytes, Stack size 12 bytes, stm32f10x_i2c.o(i.I2C_GetFlagStatus))
<BR><BR>[Stack]<UL><LI>Max Depth = 12<LI>Call Chain = I2C_GetFlagStatus
</UL>
<BR>[Called By]<UL><LI><a href="#[65]">&gt;&gt;</a>&nbsp;&nbsp;&nbsp;PCA9685_I2C_RequestFrom
</UL>

<P><STRONG><a name="[59]"></a>I2C_Init</STRONG> (Thumb, 222 bytes, Stack size 48 bytes, stm32f10x_i2c.o(i.I2C_Init))
<BR><BR>[Stack]<UL><LI>Max Depth = 60<LI>Call Chain = I2C_Init &rArr; RCC_GetClocksFreq
</UL>
<BR>[Calls]<UL><LI><a href="#[5a]">&gt;&gt;</a>&nbsp;&nbsp;&nbsp;RCC_GetClocksFreq
</UL>
<BR>[Called By]<UL><LI><a href="#[63]">&gt;&gt;</a>&nbsp;&nbsp;&nbsp;PCA9685_I2C_Mode_Config
</UL>

<P><STRONG><a name="[67]"></a>I2C_ReceiveData</STRONG> (Thumb, 8 bytes, Stack size 0 bytes, stm32f10x_i2c.o(i.I2C_ReceiveData))
<BR><BR>[Called By]<UL><LI><a href="#[65]">&gt;&gt;</a>&nbsp;&nbsp;&nbsp;PCA9685_I2C_RequestFrom
</UL>

<P><STRONG><a name="[5e]"></a>I2C_Send7bitAddress</STRONG> (Thumb, 18 bytes, Stack size 0 bytes, stm32f10x_i2c.o(i.I2C_Send7bitAddress))
<BR><BR>[Called By]<UL><LI><a href="#[65]">&gt;&gt;</a>&nbsp;&nbsp;&nbsp;PCA9685_I2C_RequestFrom
<LI><a href="#[5b]">&gt;&gt;</a>&nbsp;&nbsp;&nbsp;PCA9685_I2C_BeginTransmission
</UL>

<P><STRONG><a name="[69]"></a>I2C_SendData</STRONG> (Thumb, 4 bytes, Stack size 0 bytes, stm32f10x_i2c.o(i.I2C_SendData))
<BR><BR>[Called By]<UL><LI><a href="#[68]">&gt;&gt;</a>&nbsp;&nbsp;&nbsp;PCA9685_I2C_Write
</UL>

<P><STRONG><a name="[3]"></a>MemManage_Handler</STRONG> (Thumb, 4 bytes, Stack size 0 bytes, stm32f10x_it.o(i.MemManage_Handler))
<BR>[Address Reference Count : 1]<UL><LI> startup_stm32f10x_hd.o(RESET)
</UL>
<P><STRONG><a name="[1]"></a>NMI_Handler</STRONG> (Thumb, 2 bytes, Stack size 0 bytes, stm32f10x_it.o(i.NMI_Handler))
<BR>[Address Reference Count : 1]<UL><LI> startup_stm32f10x_hd.o(RESET)
</UL>
<P><STRONG><a name="[5b]"></a>PCA9685_I2C_BeginTransmission</STRONG> (Thumb, 54 bytes, Stack size 8 bytes, pca9685.o(i.PCA9685_I2C_BeginTransmission))
<BR><BR>[Stack]<UL><LI>Max Depth = 24<LI>Call Chain = PCA9685_I2C_BeginTransmission &rArr; I2C_CheckEvent
</UL>
<BR>[Calls]<UL><LI><a href="#[5e]">&gt;&gt;</a>&nbsp;&nbsp;&nbsp;I2C_Send7bitAddress
<LI><a href="#[5c]">&gt;&gt;</a>&nbsp;&nbsp;&nbsp;I2C_GenerateSTART
<LI><a href="#[5d]">&gt;&gt;</a>&nbsp;&nbsp;&nbsp;I2C_CheckEvent
</UL>
<BR>[Called By]<UL><LI><a href="#[6b]">&gt;&gt;</a>&nbsp;&nbsp;&nbsp;PCA9685_WakeUp
<LI><a href="#[4e]">&gt;&gt;</a>&nbsp;&nbsp;&nbsp;PCA9685_Init
<LI><a href="#[6c]">&gt;&gt;</a>&nbsp;&nbsp;&nbsp;PCA9685_SetOutput
</UL>

<P><STRONG><a name="[5f]"></a>PCA9685_I2C_EndTransmission</STRONG> (Thumb, 12 bytes, Stack size 8 bytes, pca9685.o(i.PCA9685_I2C_EndTransmission))
<BR><BR>[Stack]<UL><LI>Max Depth = 8<LI>Call Chain = PCA9685_I2C_EndTransmission
</UL>
<BR>[Calls]<UL><LI><a href="#[60]">&gt;&gt;</a>&nbsp;&nbsp;&nbsp;I2C_GenerateSTOP
</UL>
<BR>[Called By]<UL><LI><a href="#[6b]">&gt;&gt;</a>&nbsp;&nbsp;&nbsp;PCA9685_WakeUp
<LI><a href="#[4e]">&gt;&gt;</a>&nbsp;&nbsp;&nbsp;PCA9685_Init
<LI><a href="#[6c]">&gt;&gt;</a>&nbsp;&nbsp;&nbsp;PCA9685_SetOutput
</UL>

<P><STRONG><a name="[61]"></a>PCA9685_I2C_GPIO_Config</STRONG> (Thumb, 46 bytes, Stack size 8 bytes, pca9685.o(i.PCA9685_I2C_GPIO_Config))
<BR><BR>[Stack]<UL><LI>Max Depth = 32<LI>Call Chain = PCA9685_I2C_GPIO_Config &rArr; GPIO_Init
</UL>
<BR>[Calls]<UL><LI><a href="#[62]">&gt;&gt;</a>&nbsp;&nbsp;&nbsp;RCC_APB1PeriphClockCmd
<LI><a href="#[50]">&gt;&gt;</a>&nbsp;&nbsp;&nbsp;RCC_APB2PeriphClockCmd
<LI><a href="#[51]">&gt;&gt;</a>&nbsp;&nbsp;&nbsp;GPIO_Init
</UL>
<BR>[Called By]<UL><LI><a href="#[4d]">&gt;&gt;</a>&nbsp;&nbsp;&nbsp;PCA9685_I2C_Init
</UL>

<P><STRONG><a name="[6a]"></a>PCA9685_I2C_HasSlaveAtAddress</STRONG> (Thumb, 6 bytes, Stack size 0 bytes, pca9685.o(i.PCA9685_I2C_HasSlaveAtAddress))
<BR><BR>[Called By]<UL><LI><a href="#[4e]">&gt;&gt;</a>&nbsp;&nbsp;&nbsp;PCA9685_Init
</UL>

<P><STRONG><a name="[4d]"></a>PCA9685_I2C_Init</STRONG> (Thumb, 12 bytes, Stack size 8 bytes, pca9685.o(i.PCA9685_I2C_Init))
<BR><BR>[Stack]<UL><LI>Max Depth = 92<LI>Call Chain = PCA9685_I2C_Init &rArr; PCA9685_I2C_Mode_Config &rArr; I2C_Init &rArr; RCC_GetClocksFreq
</UL>
<BR>[Calls]<UL><LI><a href="#[63]">&gt;&gt;</a>&nbsp;&nbsp;&nbsp;PCA9685_I2C_Mode_Config
<LI><a href="#[61]">&gt;&gt;</a>&nbsp;&nbsp;&nbsp;PCA9685_I2C_GPIO_Config
</UL>
<BR>[Called By]<UL><LI><a href="#[4e]">&gt;&gt;</a>&nbsp;&nbsp;&nbsp;PCA9685_Init
<LI><a href="#[4c]">&gt;&gt;</a>&nbsp;&nbsp;&nbsp;Arm_Config
</UL>

<P><STRONG><a name="[63]"></a>PCA9685_I2C_Mode_Config</STRONG> (Thumb, 52 bytes, Stack size 24 bytes, pca9685.o(i.PCA9685_I2C_Mode_Config))
<BR><BR>[Stack]<UL><LI>Max Depth = 84<LI>Call Chain = PCA9685_I2C_Mode_Config &rArr; I2C_Init &rArr; RCC_GetClocksFreq
</UL>
<BR>[Calls]<UL><LI><a href="#[59]">&gt;&gt;</a>&nbsp;&nbsp;&nbsp;I2C_Init
<LI><a href="#[64]">&gt;&gt;</a>&nbsp;&nbsp;&nbsp;I2C_Cmd
</UL>
<BR>[Called By]<UL><LI><a href="#[4d]">&gt;&gt;</a>&nbsp;&nbsp;&nbsp;PCA9685_I2C_Init
</UL>

<P><STRONG><a name="[65]"></a>PCA9685_I2C_RequestFrom</STRONG> (Thumb, 120 bytes, Stack size 16 bytes, pca9685.o(i.PCA9685_I2C_RequestFrom))
<BR><BR>[Stack]<UL><LI>Max Depth = 32<LI>Call Chain = PCA9685_I2C_RequestFrom &rArr; I2C_CheckEvent
</UL>
<BR>[Calls]<UL><LI><a href="#[5e]">&gt;&gt;</a>&nbsp;&nbsp;&nbsp;I2C_Send7bitAddress
<LI><a href="#[67]">&gt;&gt;</a>&nbsp;&nbsp;&nbsp;I2C_ReceiveData
<LI><a href="#[66]">&gt;&gt;</a>&nbsp;&nbsp;&nbsp;I2C_GetFlagStatus
<LI><a href="#[60]">&gt;&gt;</a>&nbsp;&nbsp;&nbsp;I2C_GenerateSTOP
<LI><a href="#[5c]">&gt;&gt;</a>&nbsp;&nbsp;&nbsp;I2C_GenerateSTART
<LI><a href="#[5d]">&gt;&gt;</a>&nbsp;&nbsp;&nbsp;I2C_CheckEvent
</UL>
<BR>[Called By]<UL><LI><a href="#[6b]">&gt;&gt;</a>&nbsp;&nbsp;&nbsp;PCA9685_WakeUp
</UL>

<P><STRONG><a name="[68]"></a>PCA9685_I2C_Write</STRONG> (Thumb, 28 bytes, Stack size 8 bytes, pca9685.o(i.PCA9685_I2C_Write))
<BR><BR>[Stack]<UL><LI>Max Depth = 24<LI>Call Chain = PCA9685_I2C_Write &rArr; I2C_CheckEvent
</UL>
<BR>[Calls]<UL><LI><a href="#[69]">&gt;&gt;</a>&nbsp;&nbsp;&nbsp;I2C_SendData
<LI><a href="#[5d]">&gt;&gt;</a>&nbsp;&nbsp;&nbsp;I2C_CheckEvent
</UL>
<BR>[Called By]<UL><LI><a href="#[6b]">&gt;&gt;</a>&nbsp;&nbsp;&nbsp;PCA9685_WakeUp
<LI><a href="#[4e]">&gt;&gt;</a>&nbsp;&nbsp;&nbsp;PCA9685_Init
<LI><a href="#[6c]">&gt;&gt;</a>&nbsp;&nbsp;&nbsp;PCA9685_SetOutput
</UL>

<P><STRONG><a name="[4e]"></a>PCA9685_Init</STRONG> (Thumb, 136 bytes, Stack size 16 bytes, pca9685.o(i.PCA9685_Init))
<BR><BR>[Stack]<UL><LI>Max Depth = 108<LI>Call Chain = PCA9685_Init &rArr; PCA9685_I2C_Init &rArr; PCA9685_I2C_Mode_Config &rArr; I2C_Init &rArr; RCC_GetClocksFreq
</UL>
<BR>[Calls]<UL><LI><a href="#[6b]">&gt;&gt;</a>&nbsp;&nbsp;&nbsp;PCA9685_WakeUp
<LI><a href="#[68]">&gt;&gt;</a>&nbsp;&nbsp;&nbsp;PCA9685_I2C_Write
<LI><a href="#[4d]">&gt;&gt;</a>&nbsp;&nbsp;&nbsp;PCA9685_I2C_Init
<LI><a href="#[6a]">&gt;&gt;</a>&nbsp;&nbsp;&nbsp;PCA9685_I2C_HasSlaveAtAddress
<LI><a href="#[5f]">&gt;&gt;</a>&nbsp;&nbsp;&nbsp;PCA9685_I2C_EndTransmission
<LI><a href="#[5b]">&gt;&gt;</a>&nbsp;&nbsp;&nbsp;PCA9685_I2C_BeginTransmission
</UL>
<BR>[Called By]<UL><LI><a href="#[4c]">&gt;&gt;</a>&nbsp;&nbsp;&nbsp;Arm_Config
</UL>

<P><STRONG><a name="[6c]"></a>PCA9685_SetOutput</STRONG> (Thumb, 82 bytes, Stack size 24 bytes, pca9685.o(i.PCA9685_SetOutput))
<BR><BR>[Stack]<UL><LI>Max Depth = 48<LI>Call Chain = PCA9685_SetOutput &rArr; PCA9685_I2C_Write &rArr; I2C_CheckEvent
</UL>
<BR>[Calls]<UL><LI><a href="#[68]">&gt;&gt;</a>&nbsp;&nbsp;&nbsp;PCA9685_I2C_Write
<LI><a href="#[5f]">&gt;&gt;</a>&nbsp;&nbsp;&nbsp;PCA9685_I2C_EndTransmission
<LI><a href="#[5b]">&gt;&gt;</a>&nbsp;&nbsp;&nbsp;PCA9685_I2C_BeginTransmission
</UL>
<BR>[Called By]<UL><LI><a href="#[76]">&gt;&gt;</a>&nbsp;&nbsp;&nbsp;putArmLow
<LI><a href="#[78]">&gt;&gt;</a>&nbsp;&nbsp;&nbsp;handOpen
<LI><a href="#[77]">&gt;&gt;</a>&nbsp;&nbsp;&nbsp;handGrab
<LI><a href="#[70]">&gt;&gt;</a>&nbsp;&nbsp;&nbsp;stopTheCar
<LI><a href="#[7a]">&gt;&gt;</a>&nbsp;&nbsp;&nbsp;setSpeed
<LI><a href="#[75]">&gt;&gt;</a>&nbsp;&nbsp;&nbsp;putArmHigh
</UL>

<P><STRONG><a name="[6b]"></a>PCA9685_WakeUp</STRONG> (Thumb, 70 bytes, Stack size 16 bytes, pca9685.o(i.PCA9685_WakeUp))
<BR><BR>[Stack]<UL><LI>Max Depth = 48<LI>Call Chain = PCA9685_WakeUp &rArr; PCA9685_I2C_RequestFrom &rArr; I2C_CheckEvent
</UL>
<BR>[Calls]<UL><LI><a href="#[68]">&gt;&gt;</a>&nbsp;&nbsp;&nbsp;PCA9685_I2C_Write
<LI><a href="#[65]">&gt;&gt;</a>&nbsp;&nbsp;&nbsp;PCA9685_I2C_RequestFrom
<LI><a href="#[5f]">&gt;&gt;</a>&nbsp;&nbsp;&nbsp;PCA9685_I2C_EndTransmission
<LI><a href="#[5b]">&gt;&gt;</a>&nbsp;&nbsp;&nbsp;PCA9685_I2C_BeginTransmission
</UL>
<BR>[Called By]<UL><LI><a href="#[4e]">&gt;&gt;</a>&nbsp;&nbsp;&nbsp;PCA9685_Init
</UL>

<P><STRONG><a name="[8]"></a>PendSV_Handler</STRONG> (Thumb, 2 bytes, Stack size 0 bytes, stm32f10x_it.o(i.PendSV_Handler))
<BR>[Address Reference Count : 1]<UL><LI> startup_stm32f10x_hd.o(RESET)
</UL>
<P><STRONG><a name="[62]"></a>RCC_APB1PeriphClockCmd</STRONG> (Thumb, 26 bytes, Stack size 0 bytes, stm32f10x_rcc.o(i.RCC_APB1PeriphClockCmd))
<BR><BR>[Called By]<UL><LI><a href="#[61]">&gt;&gt;</a>&nbsp;&nbsp;&nbsp;PCA9685_I2C_GPIO_Config
</UL>

<P><STRONG><a name="[50]"></a>RCC_APB2PeriphClockCmd</STRONG> (Thumb, 26 bytes, Stack size 0 bytes, stm32f10x_rcc.o(i.RCC_APB2PeriphClockCmd))
<BR><BR>[Called By]<UL><LI><a href="#[61]">&gt;&gt;</a>&nbsp;&nbsp;&nbsp;PCA9685_I2C_GPIO_Config
<LI><a href="#[71]">&gt;&gt;</a>&nbsp;&nbsp;&nbsp;USART1_Config
<LI><a href="#[6f]">&gt;&gt;</a>&nbsp;&nbsp;&nbsp;Tire_Config
<LI><a href="#[52]">&gt;&gt;</a>&nbsp;&nbsp;&nbsp;controlModeConfirm_Config
<LI><a href="#[4f]">&gt;&gt;</a>&nbsp;&nbsp;&nbsp;Controller_Config
</UL>

<P><STRONG><a name="[5a]"></a>RCC_GetClocksFreq</STRONG> (Thumb, 192 bytes, Stack size 12 bytes, stm32f10x_rcc.o(i.RCC_GetClocksFreq))
<BR><BR>[Stack]<UL><LI>Max Depth = 12<LI>Call Chain = RCC_GetClocksFreq
</UL>
<BR>[Called By]<UL><LI><a href="#[59]">&gt;&gt;</a>&nbsp;&nbsp;&nbsp;I2C_Init
<LI><a href="#[72]">&gt;&gt;</a>&nbsp;&nbsp;&nbsp;USART_Init
</UL>

<P><STRONG><a name="[6]"></a>SVC_Handler</STRONG> (Thumb, 2 bytes, Stack size 0 bytes, stm32f10x_it.o(i.SVC_Handler))
<BR>[Address Reference Count : 1]<UL><LI> startup_stm32f10x_hd.o(RESET)
</UL>
<P><STRONG><a name="[9]"></a>SysTick_Handler</STRONG> (Thumb, 2 bytes, Stack size 0 bytes, stm32f10x_it.o(i.SysTick_Handler))
<BR>[Address Reference Count : 1]<UL><LI> startup_stm32f10x_hd.o(RESET)
</UL>
<P><STRONG><a name="[47]"></a>SystemInit</STRONG> (Thumb, 78 bytes, Stack size 8 bytes, system_stm32f10x.o(i.SystemInit))
<BR><BR>[Stack]<UL><LI>Max Depth = 28<LI>Call Chain = SystemInit &rArr; SetSysClock &rArr; SetSysClockTo72
</UL>
<BR>[Calls]<UL><LI><a href="#[6d]">&gt;&gt;</a>&nbsp;&nbsp;&nbsp;SetSysClock
</UL>
<BR>[Address Reference Count : 1]<UL><LI> startup_stm32f10x_hd.o(.text)
</UL>
<P><STRONG><a name="[6f]"></a>Tire_Config</STRONG> (Thumb, 88 bytes, Stack size 8 bytes, movement.o(i.Tire_Config))
<BR><BR>[Stack]<UL><LI>Max Depth = 132<LI>Call Chain = Tire_Config &rArr; Arm_Config &rArr; PCA9685_Init &rArr; PCA9685_I2C_Init &rArr; PCA9685_I2C_Mode_Config &rArr; I2C_Init &rArr; RCC_GetClocksFreq
</UL>
<BR>[Calls]<UL><LI><a href="#[70]">&gt;&gt;</a>&nbsp;&nbsp;&nbsp;stopTheCar
<LI><a href="#[4c]">&gt;&gt;</a>&nbsp;&nbsp;&nbsp;Arm_Config
<LI><a href="#[50]">&gt;&gt;</a>&nbsp;&nbsp;&nbsp;RCC_APB2PeriphClockCmd
<LI><a href="#[51]">&gt;&gt;</a>&nbsp;&nbsp;&nbsp;GPIO_Init
</UL>
<BR>[Called By]<UL><LI><a href="#[46]">&gt;&gt;</a>&nbsp;&nbsp;&nbsp;main
</UL>

<P><STRONG><a name="[71]"></a>USART1_Config</STRONG> (Thumb, 114 bytes, Stack size 24 bytes, usart1.o(i.USART1_Config))
<BR><BR>[Stack]<UL><LI>Max Depth = 92<LI>Call Chain = USART1_Config &rArr; USART_Init &rArr; RCC_GetClocksFreq
</UL>
<BR>[Calls]<UL><LI><a href="#[72]">&gt;&gt;</a>&nbsp;&nbsp;&nbsp;USART_Init
<LI><a href="#[73]">&gt;&gt;</a>&nbsp;&nbsp;&nbsp;USART_Cmd
<LI><a href="#[50]">&gt;&gt;</a>&nbsp;&nbsp;&nbsp;RCC_APB2PeriphClockCmd
<LI><a href="#[51]">&gt;&gt;</a>&nbsp;&nbsp;&nbsp;GPIO_Init
</UL>
<BR>[Called By]<UL><LI><a href="#[46]">&gt;&gt;</a>&nbsp;&nbsp;&nbsp;main
</UL>

<P><STRONG><a name="[73]"></a>USART_Cmd</STRONG> (Thumb, 24 bytes, Stack size 0 bytes, stm32f10x_usart.o(i.USART_Cmd))
<BR><BR>[Called By]<UL><LI><a href="#[71]">&gt;&gt;</a>&nbsp;&nbsp;&nbsp;USART1_Config
</UL>

<P><STRONG><a name="[72]"></a>USART_Init</STRONG> (Thumb, 210 bytes, Stack size 56 bytes, stm32f10x_usart.o(i.USART_Init))
<BR><BR>[Stack]<UL><LI>Max Depth = 68<LI>Call Chain = USART_Init &rArr; RCC_GetClocksFreq
</UL>
<BR>[Calls]<UL><LI><a href="#[5a]">&gt;&gt;</a>&nbsp;&nbsp;&nbsp;RCC_GetClocksFreq
</UL>
<BR>[Called By]<UL><LI><a href="#[71]">&gt;&gt;</a>&nbsp;&nbsp;&nbsp;USART1_Config
</UL>

<P><STRONG><a name="[5]"></a>UsageFault_Handler</STRONG> (Thumb, 4 bytes, Stack size 0 bytes, stm32f10x_it.o(i.UsageFault_Handler))
<BR>[Address Reference Count : 1]<UL><LI> startup_stm32f10x_hd.o(RESET)
</UL>
<P><STRONG><a name="[93]"></a>__scatterload_copy</STRONG> (Thumb, 14 bytes, Stack size unknown bytes, handlers.o(i.__scatterload_copy), UNUSED)

<P><STRONG><a name="[94]"></a>__scatterload_null</STRONG> (Thumb, 2 bytes, Stack size unknown bytes, handlers.o(i.__scatterload_null), UNUSED)

<P><STRONG><a name="[95]"></a>__scatterload_zeroinit</STRONG> (Thumb, 14 bytes, Stack size unknown bytes, handlers.o(i.__scatterload_zeroinit), UNUSED)

<P><STRONG><a name="[74]"></a>armControl</STRONG> (Thumb, 48 bytes, Stack size 8 bytes, mechanical_arm.o(i.armControl))
<BR><BR>[Stack]<UL><LI>Max Depth = 72<LI>Call Chain = armControl &rArr; putArmLow &rArr; handOpen &rArr; PCA9685_SetOutput &rArr; PCA9685_I2C_Write &rArr; I2C_CheckEvent
</UL>
<BR>[Calls]<UL><LI><a href="#[76]">&gt;&gt;</a>&nbsp;&nbsp;&nbsp;putArmLow
<LI><a href="#[78]">&gt;&gt;</a>&nbsp;&nbsp;&nbsp;handOpen
<LI><a href="#[77]">&gt;&gt;</a>&nbsp;&nbsp;&nbsp;handGrab
<LI><a href="#[75]">&gt;&gt;</a>&nbsp;&nbsp;&nbsp;putArmHigh
</UL>
<BR>[Called By]<UL><LI><a href="#[46]">&gt;&gt;</a>&nbsp;&nbsp;&nbsp;main
</UL>

<P><STRONG><a name="[79]"></a>carGo</STRONG> (Thumb, 108 bytes, Stack size 8 bytes, movement.o(i.carGo))
<BR><BR>[Stack]<UL><LI>Max Depth = 80<LI>Call Chain = carGo &rArr; setSpeed &rArr; PCA9685_SetOutput &rArr; PCA9685_I2C_Write &rArr; I2C_CheckEvent
</UL>
<BR>[Calls]<UL><LI><a href="#[70]">&gt;&gt;</a>&nbsp;&nbsp;&nbsp;stopTheCar
<LI><a href="#[7a]">&gt;&gt;</a>&nbsp;&nbsp;&nbsp;setSpeed
</UL>
<BR>[Called By]<UL><LI><a href="#[46]">&gt;&gt;</a>&nbsp;&nbsp;&nbsp;main
</UL>

<P><STRONG><a name="[58]"></a>clrPS2Buff</STRONG> (Thumb, 20 bytes, Stack size 0 bytes, controller.o(i.clrPS2Buff))
<BR><BR>[Called By]<UL><LI><a href="#[7f]">&gt;&gt;</a>&nbsp;&nbsp;&nbsp;getButtonData
<LI><a href="#[4f]">&gt;&gt;</a>&nbsp;&nbsp;&nbsp;Controller_Config
</UL>

<P><STRONG><a name="[52]"></a>controlModeConfirm_Config</STRONG> (Thumb, 38 bytes, Stack size 8 bytes, controller.o(i.controlModeConfirm_Config))
<BR><BR>[Stack]<UL><LI>Max Depth = 32<LI>Call Chain = controlModeConfirm_Config &rArr; GPIO_Init
</UL>
<BR>[Calls]<UL><LI><a href="#[50]">&gt;&gt;</a>&nbsp;&nbsp;&nbsp;RCC_APB2PeriphClockCmd
<LI><a href="#[51]">&gt;&gt;</a>&nbsp;&nbsp;&nbsp;GPIO_Init
</UL>
<BR>[Called By]<UL><LI><a href="#[4f]">&gt;&gt;</a>&nbsp;&nbsp;&nbsp;Controller_Config
</UL>

<P><STRONG><a name="[83]"></a>delay_init</STRONG> (Thumb, 56 bytes, Stack size 0 bytes, delay.o(i.delay_init))
<BR><BR>[Called By]<UL><LI><a href="#[46]">&gt;&gt;</a>&nbsp;&nbsp;&nbsp;main
</UL>

<P><STRONG><a name="[84]"></a>delay_ms</STRONG> (Thumb, 56 bytes, Stack size 0 bytes, delay.o(i.delay_ms))
<BR><BR>[Called By]<UL><LI><a href="#[76]">&gt;&gt;</a>&nbsp;&nbsp;&nbsp;putArmLow
<LI><a href="#[75]">&gt;&gt;</a>&nbsp;&nbsp;&nbsp;putArmHigh
<LI><a href="#[46]">&gt;&gt;</a>&nbsp;&nbsp;&nbsp;main
</UL>

<P><STRONG><a name="[7c]"></a>delay_us</STRONG> (Thumb, 56 bytes, Stack size 0 bytes, delay.o(i.delay_us))
<BR><BR>[Called By]<UL><LI><a href="#[56]">&gt;&gt;</a>&nbsp;&nbsp;&nbsp;turnOnVibrationMode
<LI><a href="#[55]">&gt;&gt;</a>&nbsp;&nbsp;&nbsp;turnOnModeChange
<LI><a href="#[53]">&gt;&gt;</a>&nbsp;&nbsp;&nbsp;shortPoll
<LI><a href="#[7d]">&gt;&gt;</a>&nbsp;&nbsp;&nbsp;sendCmd2PS2
<LI><a href="#[80]">&gt;&gt;</a>&nbsp;&nbsp;&nbsp;sendCmd2MCU
<LI><a href="#[57]">&gt;&gt;</a>&nbsp;&nbsp;&nbsp;saveChangesAndExit
<LI><a href="#[54]">&gt;&gt;</a>&nbsp;&nbsp;&nbsp;enterSettings
</UL>

<P><STRONG><a name="[54]"></a>enterSettings</STRONG> (Thumb, 86 bytes, Stack size 8 bytes, controller.o(i.enterSettings))
<BR><BR>[Stack]<UL><LI>Max Depth = 24<LI>Call Chain = enterSettings &rArr; sendCmd2PS2
</UL>
<BR>[Calls]<UL><LI><a href="#[7e]">&gt;&gt;</a>&nbsp;&nbsp;&nbsp;GPIO_SetBits
<LI><a href="#[7b]">&gt;&gt;</a>&nbsp;&nbsp;&nbsp;GPIO_ResetBits
<LI><a href="#[7d]">&gt;&gt;</a>&nbsp;&nbsp;&nbsp;sendCmd2PS2
<LI><a href="#[7c]">&gt;&gt;</a>&nbsp;&nbsp;&nbsp;delay_us
</UL>
<BR>[Called By]<UL><LI><a href="#[4f]">&gt;&gt;</a>&nbsp;&nbsp;&nbsp;Controller_Config
</UL>

<P><STRONG><a name="[7f]"></a>getButtonData</STRONG> (Thumb, 62 bytes, Stack size 8 bytes, controller.o(i.getButtonData))
<BR><BR>[Stack]<UL><LI>Max Depth = 40<LI>Call Chain = getButtonData &rArr; sendCmd2MCU &rArr; sendCmd2PS2
</UL>
<BR>[Calls]<UL><LI><a href="#[80]">&gt;&gt;</a>&nbsp;&nbsp;&nbsp;sendCmd2MCU
<LI><a href="#[58]">&gt;&gt;</a>&nbsp;&nbsp;&nbsp;clrPS2Buff
</UL>
<BR>[Called By]<UL><LI><a href="#[46]">&gt;&gt;</a>&nbsp;&nbsp;&nbsp;main
<LI><a href="#[82]">&gt;&gt;</a>&nbsp;&nbsp;&nbsp;isAutoControl
<LI><a href="#[81]">&gt;&gt;</a>&nbsp;&nbsp;&nbsp;getPart3Direction
</UL>

<P><STRONG><a name="[81]"></a>getPart3Direction</STRONG> (Thumb, 22 bytes, Stack size 8 bytes, controller.o(i.getPart3Direction))
<BR><BR>[Stack]<UL><LI>Max Depth = 48<LI>Call Chain = getPart3Direction &rArr; getButtonData &rArr; sendCmd2MCU &rArr; sendCmd2PS2
</UL>
<BR>[Calls]<UL><LI><a href="#[7f]">&gt;&gt;</a>&nbsp;&nbsp;&nbsp;getButtonData
</UL>
<BR>[Called By]<UL><LI><a href="#[46]">&gt;&gt;</a>&nbsp;&nbsp;&nbsp;main
</UL>

<P><STRONG><a name="[77]"></a>handGrab</STRONG> (Thumb, 16 bytes, Stack size 8 bytes, mechanical_arm.o(i.handGrab))
<BR><BR>[Stack]<UL><LI>Max Depth = 56<LI>Call Chain = handGrab &rArr; PCA9685_SetOutput &rArr; PCA9685_I2C_Write &rArr; I2C_CheckEvent
</UL>
<BR>[Calls]<UL><LI><a href="#[6c]">&gt;&gt;</a>&nbsp;&nbsp;&nbsp;PCA9685_SetOutput
</UL>
<BR>[Called By]<UL><LI><a href="#[76]">&gt;&gt;</a>&nbsp;&nbsp;&nbsp;putArmLow
<LI><a href="#[74]">&gt;&gt;</a>&nbsp;&nbsp;&nbsp;armControl
</UL>

<P><STRONG><a name="[78]"></a>handOpen</STRONG> (Thumb, 18 bytes, Stack size 8 bytes, mechanical_arm.o(i.handOpen))
<BR><BR>[Stack]<UL><LI>Max Depth = 56<LI>Call Chain = handOpen &rArr; PCA9685_SetOutput &rArr; PCA9685_I2C_Write &rArr; I2C_CheckEvent
</UL>
<BR>[Calls]<UL><LI><a href="#[6c]">&gt;&gt;</a>&nbsp;&nbsp;&nbsp;PCA9685_SetOutput
</UL>
<BR>[Called By]<UL><LI><a href="#[76]">&gt;&gt;</a>&nbsp;&nbsp;&nbsp;putArmLow
<LI><a href="#[74]">&gt;&gt;</a>&nbsp;&nbsp;&nbsp;armControl
</UL>

<P><STRONG><a name="[82]"></a>isAutoControl</STRONG> (Thumb, 74 bytes, Stack size 8 bytes, controller.o(i.isAutoControl))
<BR><BR>[Stack]<UL><LI>Max Depth = 48<LI>Call Chain = isAutoControl &rArr; getButtonData &rArr; sendCmd2MCU &rArr; sendCmd2PS2
</UL>
<BR>[Calls]<UL><LI><a href="#[7e]">&gt;&gt;</a>&nbsp;&nbsp;&nbsp;GPIO_SetBits
<LI><a href="#[7b]">&gt;&gt;</a>&nbsp;&nbsp;&nbsp;GPIO_ResetBits
<LI><a href="#[7f]">&gt;&gt;</a>&nbsp;&nbsp;&nbsp;getButtonData
</UL>
<BR>[Called By]<UL><LI><a href="#[46]">&gt;&gt;</a>&nbsp;&nbsp;&nbsp;main
</UL>

<P><STRONG><a name="[46]"></a>main</STRONG> (Thumb, 80 bytes, Stack size 0 bytes, main.o(i.main))
<BR><BR>[Stack]<UL><LI>Max Depth = 132<LI>Call Chain = main &rArr; Tire_Config &rArr; Arm_Config &rArr; PCA9685_Init &rArr; PCA9685_I2C_Init &rArr; PCA9685_I2C_Mode_Config &rArr; I2C_Init &rArr; RCC_GetClocksFreq
</UL>
<BR>[Calls]<UL><LI><a href="#[75]">&gt;&gt;</a>&nbsp;&nbsp;&nbsp;putArmHigh
<LI><a href="#[79]">&gt;&gt;</a>&nbsp;&nbsp;&nbsp;carGo
<LI><a href="#[74]">&gt;&gt;</a>&nbsp;&nbsp;&nbsp;armControl
<LI><a href="#[71]">&gt;&gt;</a>&nbsp;&nbsp;&nbsp;USART1_Config
<LI><a href="#[6f]">&gt;&gt;</a>&nbsp;&nbsp;&nbsp;Tire_Config
<LI><a href="#[4c]">&gt;&gt;</a>&nbsp;&nbsp;&nbsp;Arm_Config
<LI><a href="#[82]">&gt;&gt;</a>&nbsp;&nbsp;&nbsp;isAutoControl
<LI><a href="#[81]">&gt;&gt;</a>&nbsp;&nbsp;&nbsp;getPart3Direction
<LI><a href="#[7f]">&gt;&gt;</a>&nbsp;&nbsp;&nbsp;getButtonData
<LI><a href="#[4f]">&gt;&gt;</a>&nbsp;&nbsp;&nbsp;Controller_Config
<LI><a href="#[84]">&gt;&gt;</a>&nbsp;&nbsp;&nbsp;delay_ms
<LI><a href="#[83]">&gt;&gt;</a>&nbsp;&nbsp;&nbsp;delay_init
</UL>
<BR>[Address Reference Count : 1]<UL><LI> entry9a.o(.ARM.Collect$$$$0000000B)
</UL>
<P><STRONG><a name="[75]"></a>putArmHigh</STRONG> (Thumb, 52 bytes, Stack size 8 bytes, mechanical_arm.o(i.putArmHigh))
<BR><BR>[Stack]<UL><LI>Max Depth = 56<LI>Call Chain = putArmHigh &rArr; PCA9685_SetOutput &rArr; PCA9685_I2C_Write &rArr; I2C_CheckEvent
</UL>
<BR>[Calls]<UL><LI><a href="#[6c]">&gt;&gt;</a>&nbsp;&nbsp;&nbsp;PCA9685_SetOutput
<LI><a href="#[84]">&gt;&gt;</a>&nbsp;&nbsp;&nbsp;delay_ms
</UL>
<BR>[Called By]<UL><LI><a href="#[74]">&gt;&gt;</a>&nbsp;&nbsp;&nbsp;armControl
<LI><a href="#[46]">&gt;&gt;</a>&nbsp;&nbsp;&nbsp;main
</UL>

<P><STRONG><a name="[76]"></a>putArmLow</STRONG> (Thumb, 90 bytes, Stack size 8 bytes, mechanical_arm.o(i.putArmLow))
<BR><BR>[Stack]<UL><LI>Max Depth = 64<LI>Call Chain = putArmLow &rArr; handOpen &rArr; PCA9685_SetOutput &rArr; PCA9685_I2C_Write &rArr; I2C_CheckEvent
</UL>
<BR>[Calls]<UL><LI><a href="#[78]">&gt;&gt;</a>&nbsp;&nbsp;&nbsp;handOpen
<LI><a href="#[77]">&gt;&gt;</a>&nbsp;&nbsp;&nbsp;handGrab
<LI><a href="#[6c]">&gt;&gt;</a>&nbsp;&nbsp;&nbsp;PCA9685_SetOutput
<LI><a href="#[84]">&gt;&gt;</a>&nbsp;&nbsp;&nbsp;delay_ms
</UL>
<BR>[Called By]<UL><LI><a href="#[74]">&gt;&gt;</a>&nbsp;&nbsp;&nbsp;armControl
</UL>

<P><STRONG><a name="[57]"></a>saveChangesAndExit</STRONG> (Thumb, 86 bytes, Stack size 8 bytes, controller.o(i.saveChangesAndExit))
<BR><BR>[Stack]<UL><LI>Max Depth = 24<LI>Call Chain = saveChangesAndExit &rArr; sendCmd2PS2
</UL>
<BR>[Calls]<UL><LI><a href="#[7e]">&gt;&gt;</a>&nbsp;&nbsp;&nbsp;GPIO_SetBits
<LI><a href="#[7b]">&gt;&gt;</a>&nbsp;&nbsp;&nbsp;GPIO_ResetBits
<LI><a href="#[7d]">&gt;&gt;</a>&nbsp;&nbsp;&nbsp;sendCmd2PS2
<LI><a href="#[7c]">&gt;&gt;</a>&nbsp;&nbsp;&nbsp;delay_us
</UL>
<BR>[Called By]<UL><LI><a href="#[4f]">&gt;&gt;</a>&nbsp;&nbsp;&nbsp;Controller_Config
</UL>

<P><STRONG><a name="[80]"></a>sendCmd2MCU</STRONG> (Thumb, 170 bytes, Stack size 16 bytes, controller.o(i.sendCmd2MCU))
<BR><BR>[Stack]<UL><LI>Max Depth = 32<LI>Call Chain = sendCmd2MCU &rArr; sendCmd2PS2
</UL>
<BR>[Calls]<UL><LI><a href="#[7e]">&gt;&gt;</a>&nbsp;&nbsp;&nbsp;GPIO_SetBits
<LI><a href="#[7b]">&gt;&gt;</a>&nbsp;&nbsp;&nbsp;GPIO_ResetBits
<LI><a href="#[85]">&gt;&gt;</a>&nbsp;&nbsp;&nbsp;GPIO_ReadInputDataBit
<LI><a href="#[7d]">&gt;&gt;</a>&nbsp;&nbsp;&nbsp;sendCmd2PS2
<LI><a href="#[7c]">&gt;&gt;</a>&nbsp;&nbsp;&nbsp;delay_us
</UL>
<BR>[Called By]<UL><LI><a href="#[7f]">&gt;&gt;</a>&nbsp;&nbsp;&nbsp;getButtonData
</UL>

<P><STRONG><a name="[7d]"></a>sendCmd2PS2</STRONG> (Thumb, 136 bytes, Stack size 16 bytes, controller.o(i.sendCmd2PS2))
<BR><BR>[Stack]<UL><LI>Max Depth = 16<LI>Call Chain = sendCmd2PS2
</UL>
<BR>[Calls]<UL><LI><a href="#[7e]">&gt;&gt;</a>&nbsp;&nbsp;&nbsp;GPIO_SetBits
<LI><a href="#[7b]">&gt;&gt;</a>&nbsp;&nbsp;&nbsp;GPIO_ResetBits
<LI><a href="#[85]">&gt;&gt;</a>&nbsp;&nbsp;&nbsp;GPIO_ReadInputDataBit
<LI><a href="#[7c]">&gt;&gt;</a>&nbsp;&nbsp;&nbsp;delay_us
</UL>
<BR>[Called By]<UL><LI><a href="#[56]">&gt;&gt;</a>&nbsp;&nbsp;&nbsp;turnOnVibrationMode
<LI><a href="#[55]">&gt;&gt;</a>&nbsp;&nbsp;&nbsp;turnOnModeChange
<LI><a href="#[53]">&gt;&gt;</a>&nbsp;&nbsp;&nbsp;shortPoll
<LI><a href="#[80]">&gt;&gt;</a>&nbsp;&nbsp;&nbsp;sendCmd2MCU
<LI><a href="#[57]">&gt;&gt;</a>&nbsp;&nbsp;&nbsp;saveChangesAndExit
<LI><a href="#[54]">&gt;&gt;</a>&nbsp;&nbsp;&nbsp;enterSettings
</UL>

<P><STRONG><a name="[86]"></a>setBackwards</STRONG> (Thumb, 44 bytes, Stack size 8 bytes, movement.o(i.setBackwards))
<BR><BR>[Stack]<UL><LI>Max Depth = 8<LI>Call Chain = setBackwards
</UL>
<BR>[Calls]<UL><LI><a href="#[88]">&gt;&gt;</a>&nbsp;&nbsp;&nbsp;GPIO_Write
<LI><a href="#[87]">&gt;&gt;</a>&nbsp;&nbsp;&nbsp;GPIO_ReadOutputData
</UL>
<BR>[Called By]<UL><LI><a href="#[7a]">&gt;&gt;</a>&nbsp;&nbsp;&nbsp;setSpeed
</UL>

<P><STRONG><a name="[89]"></a>setForwards</STRONG> (Thumb, 44 bytes, Stack size 8 bytes, movement.o(i.setForwards))
<BR><BR>[Stack]<UL><LI>Max Depth = 8<LI>Call Chain = setForwards
</UL>
<BR>[Calls]<UL><LI><a href="#[88]">&gt;&gt;</a>&nbsp;&nbsp;&nbsp;GPIO_Write
<LI><a href="#[87]">&gt;&gt;</a>&nbsp;&nbsp;&nbsp;GPIO_ReadOutputData
</UL>
<BR>[Called By]<UL><LI><a href="#[7a]">&gt;&gt;</a>&nbsp;&nbsp;&nbsp;setSpeed
</UL>

<P><STRONG><a name="[7a]"></a>setSpeed</STRONG> (Thumb, 160 bytes, Stack size 24 bytes, movement.o(i.setSpeed))
<BR><BR>[Stack]<UL><LI>Max Depth = 72<LI>Call Chain = setSpeed &rArr; PCA9685_SetOutput &rArr; PCA9685_I2C_Write &rArr; I2C_CheckEvent
</UL>
<BR>[Calls]<UL><LI><a href="#[6c]">&gt;&gt;</a>&nbsp;&nbsp;&nbsp;PCA9685_SetOutput
<LI><a href="#[8b]">&gt;&gt;</a>&nbsp;&nbsp;&nbsp;setTurnRight
<LI><a href="#[8a]">&gt;&gt;</a>&nbsp;&nbsp;&nbsp;setTurnLeft
<LI><a href="#[89]">&gt;&gt;</a>&nbsp;&nbsp;&nbsp;setForwards
<LI><a href="#[86]">&gt;&gt;</a>&nbsp;&nbsp;&nbsp;setBackwards
</UL>
<BR>[Called By]<UL><LI><a href="#[79]">&gt;&gt;</a>&nbsp;&nbsp;&nbsp;carGo
</UL>

<P><STRONG><a name="[8a]"></a>setTurnLeft</STRONG> (Thumb, 44 bytes, Stack size 8 bytes, movement.o(i.setTurnLeft))
<BR><BR>[Stack]<UL><LI>Max Depth = 8<LI>Call Chain = setTurnLeft
</UL>
<BR>[Calls]<UL><LI><a href="#[88]">&gt;&gt;</a>&nbsp;&nbsp;&nbsp;GPIO_Write
<LI><a href="#[87]">&gt;&gt;</a>&nbsp;&nbsp;&nbsp;GPIO_ReadOutputData
</UL>
<BR>[Called By]<UL><LI><a href="#[7a]">&gt;&gt;</a>&nbsp;&nbsp;&nbsp;setSpeed
</UL>

<P><STRONG><a name="[8b]"></a>setTurnRight</STRONG> (Thumb, 44 bytes, Stack size 8 bytes, movement.o(i.setTurnRight))
<BR><BR>[Stack]<UL><LI>Max Depth = 8<LI>Call Chain = setTurnRight
</UL>
<BR>[Calls]<UL><LI><a href="#[88]">&gt;&gt;</a>&nbsp;&nbsp;&nbsp;GPIO_Write
<LI><a href="#[87]">&gt;&gt;</a>&nbsp;&nbsp;&nbsp;GPIO_ReadOutputData
</UL>
<BR>[Called By]<UL><LI><a href="#[7a]">&gt;&gt;</a>&nbsp;&nbsp;&nbsp;setSpeed
</UL>

<P><STRONG><a name="[53]"></a>shortPoll</STRONG> (Thumb, 62 bytes, Stack size 8 bytes, controller.o(i.shortPoll))
<BR><BR>[Stack]<UL><LI>Max Depth = 24<LI>Call Chain = shortPoll &rArr; sendCmd2PS2
</UL>
<BR>[Calls]<UL><LI><a href="#[7e]">&gt;&gt;</a>&nbsp;&nbsp;&nbsp;GPIO_SetBits
<LI><a href="#[7b]">&gt;&gt;</a>&nbsp;&nbsp;&nbsp;GPIO_ResetBits
<LI><a href="#[7d]">&gt;&gt;</a>&nbsp;&nbsp;&nbsp;sendCmd2PS2
<LI><a href="#[7c]">&gt;&gt;</a>&nbsp;&nbsp;&nbsp;delay_us
</UL>
<BR>[Called By]<UL><LI><a href="#[4f]">&gt;&gt;</a>&nbsp;&nbsp;&nbsp;Controller_Config
</UL>

<P><STRONG><a name="[70]"></a>stopTheCar</STRONG> (Thumb, 78 bytes, Stack size 8 bytes, movement.o(i.stopTheCar))
<BR><BR>[Stack]<UL><LI>Max Depth = 56<LI>Call Chain = stopTheCar &rArr; PCA9685_SetOutput &rArr; PCA9685_I2C_Write &rArr; I2C_CheckEvent
</UL>
<BR>[Calls]<UL><LI><a href="#[6c]">&gt;&gt;</a>&nbsp;&nbsp;&nbsp;PCA9685_SetOutput
<LI><a href="#[88]">&gt;&gt;</a>&nbsp;&nbsp;&nbsp;GPIO_Write
<LI><a href="#[87]">&gt;&gt;</a>&nbsp;&nbsp;&nbsp;GPIO_ReadOutputData
</UL>
<BR>[Called By]<UL><LI><a href="#[79]">&gt;&gt;</a>&nbsp;&nbsp;&nbsp;carGo
<LI><a href="#[6f]">&gt;&gt;</a>&nbsp;&nbsp;&nbsp;Tire_Config
</UL>

<P><STRONG><a name="[55]"></a>turnOnModeChange</STRONG> (Thumb, 80 bytes, Stack size 8 bytes, controller.o(i.turnOnModeChange))
<BR><BR>[Stack]<UL><LI>Max Depth = 24<LI>Call Chain = turnOnModeChange &rArr; sendCmd2PS2
</UL>
<BR>[Calls]<UL><LI><a href="#[7e]">&gt;&gt;</a>&nbsp;&nbsp;&nbsp;GPIO_SetBits
<LI><a href="#[7b]">&gt;&gt;</a>&nbsp;&nbsp;&nbsp;GPIO_ResetBits
<LI><a href="#[7d]">&gt;&gt;</a>&nbsp;&nbsp;&nbsp;sendCmd2PS2
<LI><a href="#[7c]">&gt;&gt;</a>&nbsp;&nbsp;&nbsp;delay_us
</UL>
<BR>[Called By]<UL><LI><a href="#[4f]">&gt;&gt;</a>&nbsp;&nbsp;&nbsp;Controller_Config
</UL>

<P><STRONG><a name="[56]"></a>turnOnVibrationMode</STRONG> (Thumb, 62 bytes, Stack size 8 bytes, controller.o(i.turnOnVibrationMode))
<BR><BR>[Stack]<UL><LI>Max Depth = 24<LI>Call Chain = turnOnVibrationMode &rArr; sendCmd2PS2
</UL>
<BR>[Calls]<UL><LI><a href="#[7e]">&gt;&gt;</a>&nbsp;&nbsp;&nbsp;GPIO_SetBits
<LI><a href="#[7b]">&gt;&gt;</a>&nbsp;&nbsp;&nbsp;GPIO_ResetBits
<LI><a href="#[7d]">&gt;&gt;</a>&nbsp;&nbsp;&nbsp;sendCmd2PS2
<LI><a href="#[7c]">&gt;&gt;</a>&nbsp;&nbsp;&nbsp;delay_us
</UL>
<BR>[Called By]<UL><LI><a href="#[4f]">&gt;&gt;</a>&nbsp;&nbsp;&nbsp;Controller_Config
</UL>
<P>
<H3>
Local Symbols
</H3>
<P><STRONG><a name="[6d]"></a>SetSysClock</STRONG> (Thumb, 8 bytes, Stack size 8 bytes, system_stm32f10x.o(i.SetSysClock))
<BR><BR>[Stack]<UL><LI>Max Depth = 20<LI>Call Chain = SetSysClock &rArr; SetSysClockTo72
</UL>
<BR>[Calls]<UL><LI><a href="#[6e]">&gt;&gt;</a>&nbsp;&nbsp;&nbsp;SetSysClockTo72
</UL>
<BR>[Called By]<UL><LI><a href="#[47]">&gt;&gt;</a>&nbsp;&nbsp;&nbsp;SystemInit
</UL>

<P><STRONG><a name="[6e]"></a>SetSysClockTo72</STRONG> (Thumb, 214 bytes, Stack size 12 bytes, system_stm32f10x.o(i.SetSysClockTo72))
<BR><BR>[Stack]<UL><LI>Max Depth = 12<LI>Call Chain = SetSysClockTo72
</UL>
<BR>[Called By]<UL><LI><a href="#[6d]">&gt;&gt;</a>&nbsp;&nbsp;&nbsp;SetSysClock
</UL>
<P>
<H3>
Undefined Global Symbols
</H3><HR></body></html>
