Component: ARM Compiler 5.05 update 1 (build 106) Tool: armlink [4d0efa]

==============================================================================

Section Cross References

    startup_stm32f10x_hd.o(RESET) refers to startup_stm32f10x_hd.o(STACK) for __initial_sp
    startup_stm32f10x_hd.o(RESET) refers to startup_stm32f10x_hd.o(.text) for Reset_Handler
    startup_stm32f10x_hd.o(RESET) refers to stm32f10x_it.o(i.NMI_Handler) for NMI_Handler
    startup_stm32f10x_hd.o(RESET) refers to stm32f10x_it.o(i.HardFault_Handler) for HardFault_Handler
    startup_stm32f10x_hd.o(RESET) refers to stm32f10x_it.o(i.MemManage_Handler) for MemManage_Handler
    startup_stm32f10x_hd.o(RESET) refers to stm32f10x_it.o(i.BusFault_Handler) for BusFault_Handler
    startup_stm32f10x_hd.o(RESET) refers to stm32f10x_it.o(i.UsageFault_Handler) for UsageFault_Handler
    startup_stm32f10x_hd.o(RESET) refers to stm32f10x_it.o(i.SVC_Handler) for SVC_Handler
    startup_stm32f10x_hd.o(RESET) refers to stm32f10x_it.o(i.DebugMon_Handler) for DebugMon_Handler
    startup_stm32f10x_hd.o(RESET) refers to stm32f10x_it.o(i.PendSV_Handler) for PendSV_Handler
    startup_stm32f10x_hd.o(RESET) refers to stm32f10x_it.o(i.SysTick_Handler) for SysTick_Handler
    startup_stm32f10x_hd.o(.text) refers to system_stm32f10x.o(i.SystemInit) for SystemInit
    startup_stm32f10x_hd.o(.text) refers to entry.o(.ARM.Collect$$$$00000000) for __main
    system_stm32f10x.o(i.SetSysClock) refers to system_stm32f10x.o(i.SetSysClockTo72) for SetSysClockTo72
    system_stm32f10x.o(i.SystemCoreClockUpdate) refers to system_stm32f10x.o(.data) for SystemCoreClock
    system_stm32f10x.o(i.SystemInit) refers to system_stm32f10x.o(i.SetSysClock) for SetSysClock
    delay.o(i.delay_init) refers to delay.o(.data) for fac_us
    delay.o(i.delay_ms) refers to delay.o(.data) for fac_ms
    delay.o(i.delay_us) refers to delay.o(.data) for fac_us
    controller.o(i.Controller_Config) refers to stm32f10x_rcc.o(i.RCC_APB2PeriphClockCmd) for RCC_APB2PeriphClockCmd
    controller.o(i.Controller_Config) refers to stm32f10x_gpio.o(i.GPIO_Init) for GPIO_Init
    controller.o(i.Controller_Config) refers to controller.o(i.controlModeConfirm_Config) for controlModeConfirm_Config
    controller.o(i.Controller_Config) refers to controller.o(i.shortPoll) for shortPoll
    controller.o(i.Controller_Config) refers to controller.o(i.enterSettings) for enterSettings
    controller.o(i.Controller_Config) refers to controller.o(i.turnOnModeChange) for turnOnModeChange
    controller.o(i.Controller_Config) refers to controller.o(i.turnOnVibrationMode) for turnOnVibrationMode
    controller.o(i.Controller_Config) refers to controller.o(i.saveChangesAndExit) for saveChangesAndExit
    controller.o(i.Controller_Config) refers to controller.o(i.clrPS2Buff) for clrPS2Buff
    controller.o(i.PS2_Vibration) refers to stm32f10x_gpio.o(i.GPIO_ResetBits) for GPIO_ResetBits
    controller.o(i.PS2_Vibration) refers to delay.o(i.delay_us) for delay_us
    controller.o(i.PS2_Vibration) refers to controller.o(i.sendCmd2PS2) for sendCmd2PS2
    controller.o(i.PS2_Vibration) refers to stm32f10x_gpio.o(i.GPIO_SetBits) for GPIO_SetBits
    controller.o(i.clrPS2Buff) refers to controller.o(.bss) for PS2_Data
    controller.o(i.controlModeConfirm_Config) refers to stm32f10x_rcc.o(i.RCC_APB2PeriphClockCmd) for RCC_APB2PeriphClockCmd
    controller.o(i.controlModeConfirm_Config) refers to stm32f10x_gpio.o(i.GPIO_Init) for GPIO_Init
    controller.o(i.enterSettings) refers to stm32f10x_gpio.o(i.GPIO_ResetBits) for GPIO_ResetBits
    controller.o(i.enterSettings) refers to delay.o(i.delay_us) for delay_us
    controller.o(i.enterSettings) refers to controller.o(i.sendCmd2PS2) for sendCmd2PS2
    controller.o(i.enterSettings) refers to stm32f10x_gpio.o(i.GPIO_SetBits) for GPIO_SetBits
    controller.o(i.getButtonData) refers to controller.o(i.clrPS2Buff) for clrPS2Buff
    controller.o(i.getButtonData) refers to controller.o(i.sendCmd2MCU) for sendCmd2MCU
    controller.o(i.getButtonData) refers to controller.o(.bss) for PS2_Data
    controller.o(i.getButtonData) refers to controller.o(.data) for buttonValue
    controller.o(i.getPart3Direction) refers to controller.o(i.getButtonData) for getButtonData
    controller.o(i.getPart3Direction) refers to controller.o(.data) for part3Dir
    controller.o(i.getStickData) refers to controller.o(i.getButtonData) for getButtonData
    controller.o(i.getStickData) refers to controller.o(.bss) for PS2_Data
    controller.o(i.isAutoControl) refers to controller.o(i.getButtonData) for getButtonData
    controller.o(i.isAutoControl) refers to stm32f10x_gpio.o(i.GPIO_SetBits) for GPIO_SetBits
    controller.o(i.isAutoControl) refers to stm32f10x_gpio.o(i.GPIO_ResetBits) for GPIO_ResetBits
    controller.o(i.isAutoControl) refers to controller.o(.data) for cnt
    controller.o(i.isStickMode) refers to stm32f10x_gpio.o(i.GPIO_ResetBits) for GPIO_ResetBits
    controller.o(i.isStickMode) refers to controller.o(i.sendCmd2PS2) for sendCmd2PS2
    controller.o(i.isStickMode) refers to stm32f10x_gpio.o(i.GPIO_SetBits) for GPIO_SetBits
    controller.o(i.isStickMode) refers to controller.o(.data) for PS2_Cmd
    controller.o(i.isStickMode) refers to controller.o(.bss) for PS2_Data
    controller.o(i.saveChangesAndExit) refers to stm32f10x_gpio.o(i.GPIO_ResetBits) for GPIO_ResetBits
    controller.o(i.saveChangesAndExit) refers to delay.o(i.delay_us) for delay_us
    controller.o(i.saveChangesAndExit) refers to controller.o(i.sendCmd2PS2) for sendCmd2PS2
    controller.o(i.saveChangesAndExit) refers to stm32f10x_gpio.o(i.GPIO_SetBits) for GPIO_SetBits
    controller.o(i.sendCmd2MCU) refers to stm32f10x_gpio.o(i.GPIO_ResetBits) for GPIO_ResetBits
    controller.o(i.sendCmd2MCU) refers to controller.o(i.sendCmd2PS2) for sendCmd2PS2
    controller.o(i.sendCmd2MCU) refers to stm32f10x_gpio.o(i.GPIO_SetBits) for GPIO_SetBits
    controller.o(i.sendCmd2MCU) refers to delay.o(i.delay_us) for delay_us
    controller.o(i.sendCmd2MCU) refers to stm32f10x_gpio.o(i.GPIO_ReadInputDataBit) for GPIO_ReadInputDataBit
    controller.o(i.sendCmd2MCU) refers to controller.o(.data) for PS2_Cmd
    controller.o(i.sendCmd2MCU) refers to controller.o(.bss) for PS2_Data
    controller.o(i.sendCmd2PS2) refers to stm32f10x_gpio.o(i.GPIO_SetBits) for GPIO_SetBits
    controller.o(i.sendCmd2PS2) refers to stm32f10x_gpio.o(i.GPIO_ResetBits) for GPIO_ResetBits
    controller.o(i.sendCmd2PS2) refers to delay.o(i.delay_us) for delay_us
    controller.o(i.sendCmd2PS2) refers to stm32f10x_gpio.o(i.GPIO_ReadInputDataBit) for GPIO_ReadInputDataBit
    controller.o(i.sendCmd2PS2) refers to controller.o(.bss) for PS2_Data
    controller.o(i.shortPoll) refers to stm32f10x_gpio.o(i.GPIO_ResetBits) for GPIO_ResetBits
    controller.o(i.shortPoll) refers to delay.o(i.delay_us) for delay_us
    controller.o(i.shortPoll) refers to controller.o(i.sendCmd2PS2) for sendCmd2PS2
    controller.o(i.shortPoll) refers to stm32f10x_gpio.o(i.GPIO_SetBits) for GPIO_SetBits
    controller.o(i.turnOnModeChange) refers to stm32f10x_gpio.o(i.GPIO_ResetBits) for GPIO_ResetBits
    controller.o(i.turnOnModeChange) refers to controller.o(i.sendCmd2PS2) for sendCmd2PS2
    controller.o(i.turnOnModeChange) refers to stm32f10x_gpio.o(i.GPIO_SetBits) for GPIO_SetBits
    controller.o(i.turnOnModeChange) refers to delay.o(i.delay_us) for delay_us
    controller.o(i.turnOnVibrationMode) refers to stm32f10x_gpio.o(i.GPIO_ResetBits) for GPIO_ResetBits
    controller.o(i.turnOnVibrationMode) refers to delay.o(i.delay_us) for delay_us
    controller.o(i.turnOnVibrationMode) refers to controller.o(i.sendCmd2PS2) for sendCmd2PS2
    controller.o(i.turnOnVibrationMode) refers to stm32f10x_gpio.o(i.GPIO_SetBits) for GPIO_SetBits
    main.o(i.main) refers to delay.o(i.delay_init) for delay_init
    main.o(i.main) refers to controller.o(i.Controller_Config) for Controller_Config
    main.o(i.main) refers to movement.o(i.Tire_Config) for Tire_Config
    main.o(i.main) refers to mechanical_arm.o(i.Arm_Config) for Arm_Config
    main.o(i.main) refers to usart1.o(i.USART1_Config) for USART1_Config
    main.o(i.main) refers to mechanical_arm.o(i.putArmHigh) for putArmHigh
    main.o(i.main) refers to controller.o(i.isAutoControl) for isAutoControl
    main.o(i.main) refers to controller.o(i.getButtonData) for getButtonData
    main.o(i.main) refers to movement.o(i.carGo) for carGo
    main.o(i.main) refers to mechanical_arm.o(i.armControl) for armControl
    main.o(i.main) refers to controller.o(i.getPart3Direction) for getPart3Direction
    main.o(i.main) refers to delay.o(i.delay_ms) for delay_ms
    main.o(i.main) refers to main.o(.data) for dir
    usart1.o(i.USART1_Config) refers to stm32f10x_rcc.o(i.RCC_APB2PeriphClockCmd) for RCC_APB2PeriphClockCmd
    usart1.o(i.USART1_Config) refers to stm32f10x_gpio.o(i.GPIO_Init) for GPIO_Init
    usart1.o(i.USART1_Config) refers to stm32f10x_usart.o(i.USART_Init) for USART_Init
    usart1.o(i.USART1_Config) refers to stm32f10x_usart.o(i.USART_Cmd) for USART_Cmd
    usart1.o(i.USART1_printf) refers to stm32f10x_usart.o(i.USART_SendData) for USART_SendData
    usart1.o(i.USART1_printf) refers to stm32f10x_usart.o(i.USART_GetFlagStatus) for USART_GetFlagStatus
    usart1.o(i.USART1_printf) refers to usart1.o(i.itoa) for itoa
    usart1.o(i.fputc) refers to stm32f10x_usart.o(i.USART_SendData) for USART_SendData
    usart1.o(i.fputc) refers to stm32f10x_usart.o(i.USART_GetFlagStatus) for USART_GetFlagStatus
    movement.o(i.Tire_Config) refers to stm32f10x_rcc.o(i.RCC_APB2PeriphClockCmd) for RCC_APB2PeriphClockCmd
    movement.o(i.Tire_Config) refers to stm32f10x_gpio.o(i.GPIO_Init) for GPIO_Init
    movement.o(i.Tire_Config) refers to mechanical_arm.o(i.Arm_Config) for Arm_Config
    movement.o(i.Tire_Config) refers to movement.o(i.stopTheCar) for stopTheCar
    movement.o(i.carGo) refers to movement.o(i.setSpeed) for setSpeed
    movement.o(i.carGo) refers to movement.o(i.stopTheCar) for stopTheCar
    movement.o(i.carGoWithStick) refers to movement.o(i.setSpeed) for setSpeed
    movement.o(i.carGoWithStick) refers to movement.o(i.stopTheCar) for stopTheCar
    movement.o(i.setBackwards) refers to stm32f10x_gpio.o(i.GPIO_ReadOutputData) for GPIO_ReadOutputData
    movement.o(i.setBackwards) refers to stm32f10x_gpio.o(i.GPIO_Write) for GPIO_Write
    movement.o(i.setForwards) refers to stm32f10x_gpio.o(i.GPIO_ReadOutputData) for GPIO_ReadOutputData
    movement.o(i.setForwards) refers to stm32f10x_gpio.o(i.GPIO_Write) for GPIO_Write
    movement.o(i.setSpeed) refers to pca9685.o(i.PCA9685_SetOutput) for PCA9685_SetOutput
    movement.o(i.setSpeed) refers to movement.o(i.setForwards) for setForwards
    movement.o(i.setSpeed) refers to movement.o(i.setBackwards) for setBackwards
    movement.o(i.setSpeed) refers to movement.o(i.setTurnLeft) for setTurnLeft
    movement.o(i.setSpeed) refers to movement.o(i.setTurnRight) for setTurnRight
    movement.o(i.setTurnLeft) refers to stm32f10x_gpio.o(i.GPIO_ReadOutputData) for GPIO_ReadOutputData
    movement.o(i.setTurnLeft) refers to stm32f10x_gpio.o(i.GPIO_Write) for GPIO_Write
    movement.o(i.setTurnRight) refers to stm32f10x_gpio.o(i.GPIO_ReadOutputData) for GPIO_ReadOutputData
    movement.o(i.setTurnRight) refers to stm32f10x_gpio.o(i.GPIO_Write) for GPIO_Write
    movement.o(i.stopTheCar) refers to stm32f10x_gpio.o(i.GPIO_ReadOutputData) for GPIO_ReadOutputData
    movement.o(i.stopTheCar) refers to stm32f10x_gpio.o(i.GPIO_Write) for GPIO_Write
    movement.o(i.stopTheCar) refers to pca9685.o(i.PCA9685_SetOutput) for PCA9685_SetOutput
    pca9685.o(i.PCA9685_I2C_BeginTransmission) refers to stm32f10x_i2c.o(i.I2C_GenerateSTART) for I2C_GenerateSTART
    pca9685.o(i.PCA9685_I2C_BeginTransmission) refers to stm32f10x_i2c.o(i.I2C_CheckEvent) for I2C_CheckEvent
    pca9685.o(i.PCA9685_I2C_BeginTransmission) refers to stm32f10x_i2c.o(i.I2C_Send7bitAddress) for I2C_Send7bitAddress
    pca9685.o(i.PCA9685_I2C_EndTransmission) refers to stm32f10x_i2c.o(i.I2C_GenerateSTOP) for I2C_GenerateSTOP
    pca9685.o(i.PCA9685_I2C_GPIO_Config) refers to stm32f10x_rcc.o(i.RCC_APB2PeriphClockCmd) for RCC_APB2PeriphClockCmd
    pca9685.o(i.PCA9685_I2C_GPIO_Config) refers to stm32f10x_rcc.o(i.RCC_APB1PeriphClockCmd) for RCC_APB1PeriphClockCmd
    pca9685.o(i.PCA9685_I2C_GPIO_Config) refers to stm32f10x_gpio.o(i.GPIO_Init) for GPIO_Init
    pca9685.o(i.PCA9685_I2C_Init) refers to pca9685.o(i.PCA9685_I2C_GPIO_Config) for PCA9685_I2C_GPIO_Config
    pca9685.o(i.PCA9685_I2C_Init) refers to pca9685.o(i.PCA9685_I2C_Mode_Config) for PCA9685_I2C_Mode_Config
    pca9685.o(i.PCA9685_I2C_Mode_Config) refers to stm32f10x_i2c.o(i.I2C_Init) for I2C_Init
    pca9685.o(i.PCA9685_I2C_Mode_Config) refers to stm32f10x_i2c.o(i.I2C_Cmd) for I2C_Cmd
    pca9685.o(i.PCA9685_I2C_RequestFrom) refers to stm32f10x_i2c.o(i.I2C_GetFlagStatus) for I2C_GetFlagStatus
    pca9685.o(i.PCA9685_I2C_RequestFrom) refers to stm32f10x_i2c.o(i.I2C_GenerateSTART) for I2C_GenerateSTART
    pca9685.o(i.PCA9685_I2C_RequestFrom) refers to stm32f10x_i2c.o(i.I2C_CheckEvent) for I2C_CheckEvent
    pca9685.o(i.PCA9685_I2C_RequestFrom) refers to stm32f10x_i2c.o(i.I2C_Send7bitAddress) for I2C_Send7bitAddress
    pca9685.o(i.PCA9685_I2C_RequestFrom) refers to stm32f10x_i2c.o(i.I2C_GenerateSTOP) for I2C_GenerateSTOP
    pca9685.o(i.PCA9685_I2C_RequestFrom) refers to stm32f10x_i2c.o(i.I2C_ReceiveData) for I2C_ReceiveData
    pca9685.o(i.PCA9685_I2C_Write) refers to stm32f10x_i2c.o(i.I2C_SendData) for I2C_SendData
    pca9685.o(i.PCA9685_I2C_Write) refers to stm32f10x_i2c.o(i.I2C_CheckEvent) for I2C_CheckEvent
    pca9685.o(i.PCA9685_Init) refers to pca9685.o(i.PCA9685_I2C_Init) for PCA9685_I2C_Init
    pca9685.o(i.PCA9685_Init) refers to pca9685.o(i.PCA9685_I2C_HasSlaveAtAddress) for PCA9685_I2C_HasSlaveAtAddress
    pca9685.o(i.PCA9685_Init) refers to pca9685.o(i.PCA9685_I2C_BeginTransmission) for PCA9685_I2C_BeginTransmission
    pca9685.o(i.PCA9685_Init) refers to pca9685.o(i.PCA9685_I2C_Write) for PCA9685_I2C_Write
    pca9685.o(i.PCA9685_Init) refers to pca9685.o(i.PCA9685_I2C_EndTransmission) for PCA9685_I2C_EndTransmission
    pca9685.o(i.PCA9685_Init) refers to pca9685.o(i.PCA9685_WakeUp) for PCA9685_WakeUp
    pca9685.o(i.PCA9685_SetAll) refers to pca9685.o(i.PCA9685_I2C_BeginTransmission) for PCA9685_I2C_BeginTransmission
    pca9685.o(i.PCA9685_SetAll) refers to pca9685.o(i.PCA9685_I2C_Write) for PCA9685_I2C_Write
    pca9685.o(i.PCA9685_SetAll) refers to pca9685.o(i.PCA9685_I2C_EndTransmission) for PCA9685_I2C_EndTransmission
    pca9685.o(i.PCA9685_SetDutyCycleForOutput) refers to pca9685.o(i.PCA9685_SetOutput) for PCA9685_SetOutput
    pca9685.o(i.PCA9685_SetOutput) refers to pca9685.o(i.PCA9685_I2C_BeginTransmission) for PCA9685_I2C_BeginTransmission
    pca9685.o(i.PCA9685_SetOutput) refers to pca9685.o(i.PCA9685_I2C_Write) for PCA9685_I2C_Write
    pca9685.o(i.PCA9685_SetOutput) refers to pca9685.o(i.PCA9685_I2C_EndTransmission) for PCA9685_I2C_EndTransmission
    pca9685.o(i.PCA9685_Sleep) refers to pca9685.o(i.PCA9685_I2C_BeginTransmission) for PCA9685_I2C_BeginTransmission
    pca9685.o(i.PCA9685_Sleep) refers to pca9685.o(i.PCA9685_I2C_Write) for PCA9685_I2C_Write
    pca9685.o(i.PCA9685_Sleep) refers to pca9685.o(i.PCA9685_I2C_EndTransmission) for PCA9685_I2C_EndTransmission
    pca9685.o(i.PCA9685_WakeUp) refers to pca9685.o(i.PCA9685_I2C_BeginTransmission) for PCA9685_I2C_BeginTransmission
    pca9685.o(i.PCA9685_WakeUp) refers to pca9685.o(i.PCA9685_I2C_Write) for PCA9685_I2C_Write
    pca9685.o(i.PCA9685_WakeUp) refers to pca9685.o(i.PCA9685_I2C_EndTransmission) for PCA9685_I2C_EndTransmission
    pca9685.o(i.PCA9685_WakeUp) refers to pca9685.o(i.PCA9685_I2C_RequestFrom) for PCA9685_I2C_RequestFrom
    mechanical_arm.o(i.Arm_Config) refers to pca9685.o(i.PCA9685_I2C_Init) for PCA9685_I2C_Init
    mechanical_arm.o(i.Arm_Config) refers to pca9685.o(i.PCA9685_Init) for PCA9685_Init
    mechanical_arm.o(i.armControl) refers to mechanical_arm.o(i.putArmHigh) for putArmHigh
    mechanical_arm.o(i.armControl) refers to mechanical_arm.o(i.putArmLow) for putArmLow
    mechanical_arm.o(i.armControl) refers to mechanical_arm.o(i.handGrab) for handGrab
    mechanical_arm.o(i.armControl) refers to mechanical_arm.o(i.handOpen) for handOpen
    mechanical_arm.o(i.handGrab) refers to pca9685.o(i.PCA9685_SetOutput) for PCA9685_SetOutput
    mechanical_arm.o(i.handOpen) refers to pca9685.o(i.PCA9685_SetOutput) for PCA9685_SetOutput
    mechanical_arm.o(i.putArmHigh) refers to pca9685.o(i.PCA9685_SetOutput) for PCA9685_SetOutput
    mechanical_arm.o(i.putArmHigh) refers to delay.o(i.delay_ms) for delay_ms
    mechanical_arm.o(i.putArmLow) refers to pca9685.o(i.PCA9685_SetOutput) for PCA9685_SetOutput
    mechanical_arm.o(i.putArmLow) refers to delay.o(i.delay_ms) for delay_ms
    mechanical_arm.o(i.putArmLow) refers to mechanical_arm.o(i.handGrab) for handGrab
    mechanical_arm.o(i.putArmLow) refers to mechanical_arm.o(i.handOpen) for handOpen
    stm32f10x_gpio.o(i.GPIO_AFIODeInit) refers to stm32f10x_rcc.o(i.RCC_APB2PeriphResetCmd) for RCC_APB2PeriphResetCmd
    stm32f10x_gpio.o(i.GPIO_DeInit) refers to stm32f10x_rcc.o(i.RCC_APB2PeriphResetCmd) for RCC_APB2PeriphResetCmd
    stm32f10x_usart.o(i.USART_DeInit) refers to stm32f10x_rcc.o(i.RCC_APB2PeriphResetCmd) for RCC_APB2PeriphResetCmd
    stm32f10x_usart.o(i.USART_DeInit) refers to stm32f10x_rcc.o(i.RCC_APB1PeriphResetCmd) for RCC_APB1PeriphResetCmd
    stm32f10x_usart.o(i.USART_Init) refers to stm32f10x_rcc.o(i.RCC_GetClocksFreq) for RCC_GetClocksFreq
    stm32f10x_rcc.o(i.RCC_GetClocksFreq) refers to stm32f10x_rcc.o(.data) for APBAHBPrescTable
    stm32f10x_rcc.o(i.RCC_WaitForHSEStartUp) refers to stm32f10x_rcc.o(i.RCC_GetFlagStatus) for RCC_GetFlagStatus
    stm32f10x_tim.o(i.TIM_DeInit) refers to stm32f10x_rcc.o(i.RCC_APB2PeriphResetCmd) for RCC_APB2PeriphResetCmd
    stm32f10x_tim.o(i.TIM_DeInit) refers to stm32f10x_rcc.o(i.RCC_APB1PeriphResetCmd) for RCC_APB1PeriphResetCmd
    stm32f10x_tim.o(i.TIM_ETRClockMode1Config) refers to stm32f10x_tim.o(i.TIM_ETRConfig) for TIM_ETRConfig
    stm32f10x_tim.o(i.TIM_ETRClockMode2Config) refers to stm32f10x_tim.o(i.TIM_ETRConfig) for TIM_ETRConfig
    stm32f10x_tim.o(i.TIM_ICInit) refers to stm32f10x_tim.o(i.TI1_Config) for TI1_Config
    stm32f10x_tim.o(i.TIM_ICInit) refers to stm32f10x_tim.o(i.TIM_SetIC1Prescaler) for TIM_SetIC1Prescaler
    stm32f10x_tim.o(i.TIM_ICInit) refers to stm32f10x_tim.o(i.TI2_Config) for TI2_Config
    stm32f10x_tim.o(i.TIM_ICInit) refers to stm32f10x_tim.o(i.TIM_SetIC2Prescaler) for TIM_SetIC2Prescaler
    stm32f10x_tim.o(i.TIM_ICInit) refers to stm32f10x_tim.o(i.TI3_Config) for TI3_Config
    stm32f10x_tim.o(i.TIM_ICInit) refers to stm32f10x_tim.o(i.TIM_SetIC3Prescaler) for TIM_SetIC3Prescaler
    stm32f10x_tim.o(i.TIM_ICInit) refers to stm32f10x_tim.o(i.TI4_Config) for TI4_Config
    stm32f10x_tim.o(i.TIM_ICInit) refers to stm32f10x_tim.o(i.TIM_SetIC4Prescaler) for TIM_SetIC4Prescaler
    stm32f10x_tim.o(i.TIM_ITRxExternalClockConfig) refers to stm32f10x_tim.o(i.TIM_SelectInputTrigger) for TIM_SelectInputTrigger
    stm32f10x_tim.o(i.TIM_PWMIConfig) refers to stm32f10x_tim.o(i.TI1_Config) for TI1_Config
    stm32f10x_tim.o(i.TIM_PWMIConfig) refers to stm32f10x_tim.o(i.TIM_SetIC1Prescaler) for TIM_SetIC1Prescaler
    stm32f10x_tim.o(i.TIM_PWMIConfig) refers to stm32f10x_tim.o(i.TI2_Config) for TI2_Config
    stm32f10x_tim.o(i.TIM_PWMIConfig) refers to stm32f10x_tim.o(i.TIM_SetIC2Prescaler) for TIM_SetIC2Prescaler
    stm32f10x_tim.o(i.TIM_TIxExternalClockConfig) refers to stm32f10x_tim.o(i.TI2_Config) for TI2_Config
    stm32f10x_tim.o(i.TIM_TIxExternalClockConfig) refers to stm32f10x_tim.o(i.TI1_Config) for TI1_Config
    stm32f10x_tim.o(i.TIM_TIxExternalClockConfig) refers to stm32f10x_tim.o(i.TIM_SelectInputTrigger) for TIM_SelectInputTrigger
    stm32f10x_i2c.o(i.I2C_DeInit) refers to stm32f10x_rcc.o(i.RCC_APB1PeriphResetCmd) for RCC_APB1PeriphResetCmd
    stm32f10x_i2c.o(i.I2C_Init) refers to stm32f10x_rcc.o(i.RCC_GetClocksFreq) for RCC_GetClocksFreq
    entry.o(.ARM.Collect$$$$00000000) refers (Special) to entry10a.o(.ARM.Collect$$$$0000000D) for __rt_final_cpp
    entry.o(.ARM.Collect$$$$00000000) refers (Special) to entry11a.o(.ARM.Collect$$$$0000000F) for __rt_final_exit
    entry.o(.ARM.Collect$$$$00000000) refers (Special) to entry7b.o(.ARM.Collect$$$$00000008) for _main_clock
    entry.o(.ARM.Collect$$$$00000000) refers (Special) to entry8b.o(.ARM.Collect$$$$0000000A) for _main_cpp_init
    entry.o(.ARM.Collect$$$$00000000) refers (Special) to entry9a.o(.ARM.Collect$$$$0000000B) for _main_init
    entry.o(.ARM.Collect$$$$00000000) refers (Special) to entry5.o(.ARM.Collect$$$$00000004) for _main_scatterload
    entry.o(.ARM.Collect$$$$00000000) refers (Special) to entry2.o(.ARM.Collect$$$$00000001) for _main_stk
    entry2.o(.ARM.Collect$$$$00000001) refers to entry2.o(.ARM.Collect$$$$00002712) for __lit__00000000
    entry2.o(.ARM.Collect$$$$00002712) refers to startup_stm32f10x_hd.o(STACK) for __initial_sp
    entry2.o(__vectab_stack_and_reset_area) refers to startup_stm32f10x_hd.o(STACK) for __initial_sp
    entry2.o(__vectab_stack_and_reset_area) refers to entry.o(.ARM.Collect$$$$00000000) for __main
    entry5.o(.ARM.Collect$$$$00000004) refers to init.o(.text) for __scatterload
    entry9a.o(.ARM.Collect$$$$0000000B) refers to main.o(i.main) for main
    entry9b.o(.ARM.Collect$$$$0000000C) refers to main.o(i.main) for main
    init.o(.text) refers to entry5.o(.ARM.Collect$$$$00000004) for __main_after_scatterload


==============================================================================

Removing Unused input sections from the image.

    Removing startup_stm32f10x_hd.o(HEAP), (512 bytes).
    Removing core_cm3.o(.emb_text), (32 bytes).
    Removing system_stm32f10x.o(i.SystemCoreClockUpdate), (164 bytes).
    Removing system_stm32f10x.o(.data), (20 bytes).
    Removing controller.o(i.PS2_Vibration), (96 bytes).
    Removing controller.o(i.getStickData), (20 bytes).
    Removing controller.o(i.isStickMode), (64 bytes).
    Removing usart1.o(i.USART1_printf), (262 bytes).
    Removing usart1.o(i.fputc), (36 bytes).
    Removing usart1.o(i.itoa), (98 bytes).
    Removing movement.o(i.carGoWithStick), (226 bytes).
    Removing pca9685.o(i.PCA9685_SetAll), (66 bytes).
    Removing pca9685.o(i.PCA9685_SetDutyCycleForOutput), (44 bytes).
    Removing pca9685.o(i.PCA9685_Sleep), (28 bytes).
    Removing stm32f10x_gpio.o(i.GPIO_AFIODeInit), (20 bytes).
    Removing stm32f10x_gpio.o(i.GPIO_DeInit), (200 bytes).
    Removing stm32f10x_gpio.o(i.GPIO_ETH_MediaInterfaceConfig), (12 bytes).
    Removing stm32f10x_gpio.o(i.GPIO_EXTILineConfig), (64 bytes).
    Removing stm32f10x_gpio.o(i.GPIO_EventOutputCmd), (12 bytes).
    Removing stm32f10x_gpio.o(i.GPIO_EventOutputConfig), (32 bytes).
    Removing stm32f10x_gpio.o(i.GPIO_PinLockConfig), (18 bytes).
    Removing stm32f10x_gpio.o(i.GPIO_PinRemapConfig), (144 bytes).
    Removing stm32f10x_gpio.o(i.GPIO_ReadInputData), (8 bytes).
    Removing stm32f10x_gpio.o(i.GPIO_ReadOutputDataBit), (18 bytes).
    Removing stm32f10x_gpio.o(i.GPIO_StructInit), (16 bytes).
    Removing stm32f10x_gpio.o(i.GPIO_WriteBit), (10 bytes).
    Removing stm32f10x_usart.o(i.USART_ClearFlag), (18 bytes).
    Removing stm32f10x_usart.o(i.USART_ClearITPendingBit), (30 bytes).
    Removing stm32f10x_usart.o(i.USART_ClockInit), (34 bytes).
    Removing stm32f10x_usart.o(i.USART_ClockStructInit), (12 bytes).
    Removing stm32f10x_usart.o(i.USART_DMACmd), (18 bytes).
    Removing stm32f10x_usart.o(i.USART_DeInit), (156 bytes).
    Removing stm32f10x_usart.o(i.USART_GetFlagStatus), (26 bytes).
    Removing stm32f10x_usart.o(i.USART_GetITStatus), (84 bytes).
    Removing stm32f10x_usart.o(i.USART_HalfDuplexCmd), (24 bytes).
    Removing stm32f10x_usart.o(i.USART_ITConfig), (74 bytes).
    Removing stm32f10x_usart.o(i.USART_IrDACmd), (24 bytes).
    Removing stm32f10x_usart.o(i.USART_IrDAConfig), (18 bytes).
    Removing stm32f10x_usart.o(i.USART_LINBreakDetectLengthConfig), (18 bytes).
    Removing stm32f10x_usart.o(i.USART_LINCmd), (24 bytes).
    Removing stm32f10x_usart.o(i.USART_OneBitMethodCmd), (24 bytes).
    Removing stm32f10x_usart.o(i.USART_OverSampling8Cmd), (22 bytes).
    Removing stm32f10x_usart.o(i.USART_ReceiveData), (10 bytes).
    Removing stm32f10x_usart.o(i.USART_ReceiverWakeUpCmd), (24 bytes).
    Removing stm32f10x_usart.o(i.USART_SendBreak), (10 bytes).
    Removing stm32f10x_usart.o(i.USART_SendData), (8 bytes).
    Removing stm32f10x_usart.o(i.USART_SetAddress), (18 bytes).
    Removing stm32f10x_usart.o(i.USART_SetGuardTime), (16 bytes).
    Removing stm32f10x_usart.o(i.USART_SetPrescaler), (16 bytes).
    Removing stm32f10x_usart.o(i.USART_SmartCardCmd), (24 bytes).
    Removing stm32f10x_usart.o(i.USART_SmartCardNACKCmd), (24 bytes).
    Removing stm32f10x_usart.o(i.USART_StructInit), (24 bytes).
    Removing stm32f10x_usart.o(i.USART_WakeUpConfig), (18 bytes).
    Removing stm32f10x_rcc.o(i.RCC_ADCCLKConfig), (24 bytes).
    Removing stm32f10x_rcc.o(i.RCC_AHBPeriphClockCmd), (32 bytes).
    Removing stm32f10x_rcc.o(i.RCC_APB1PeriphResetCmd), (32 bytes).
    Removing stm32f10x_rcc.o(i.RCC_APB2PeriphResetCmd), (32 bytes).
    Removing stm32f10x_rcc.o(i.RCC_AdjustHSICalibrationValue), (24 bytes).
    Removing stm32f10x_rcc.o(i.RCC_BackupResetCmd), (12 bytes).
    Removing stm32f10x_rcc.o(i.RCC_ClearFlag), (20 bytes).
    Removing stm32f10x_rcc.o(i.RCC_ClearITPendingBit), (12 bytes).
    Removing stm32f10x_rcc.o(i.RCC_ClockSecuritySystemCmd), (12 bytes).
    Removing stm32f10x_rcc.o(i.RCC_DeInit), (76 bytes).
    Removing stm32f10x_rcc.o(i.RCC_GetFlagStatus), (60 bytes).
    Removing stm32f10x_rcc.o(i.RCC_GetITStatus), (24 bytes).
    Removing stm32f10x_rcc.o(i.RCC_GetSYSCLKSource), (16 bytes).
    Removing stm32f10x_rcc.o(i.RCC_HCLKConfig), (24 bytes).
    Removing stm32f10x_rcc.o(i.RCC_HSEConfig), (76 bytes).
    Removing stm32f10x_rcc.o(i.RCC_HSICmd), (12 bytes).
    Removing stm32f10x_rcc.o(i.RCC_ITConfig), (32 bytes).
    Removing stm32f10x_rcc.o(i.RCC_LSEConfig), (52 bytes).
    Removing stm32f10x_rcc.o(i.RCC_LSICmd), (12 bytes).
    Removing stm32f10x_rcc.o(i.RCC_MCOConfig), (12 bytes).
    Removing stm32f10x_rcc.o(i.RCC_PCLK1Config), (24 bytes).
    Removing stm32f10x_rcc.o(i.RCC_PCLK2Config), (24 bytes).
    Removing stm32f10x_rcc.o(i.RCC_PLLCmd), (12 bytes).
    Removing stm32f10x_rcc.o(i.RCC_PLLConfig), (28 bytes).
    Removing stm32f10x_rcc.o(i.RCC_RTCCLKCmd), (12 bytes).
    Removing stm32f10x_rcc.o(i.RCC_RTCCLKConfig), (16 bytes).
    Removing stm32f10x_rcc.o(i.RCC_SYSCLKConfig), (24 bytes).
    Removing stm32f10x_rcc.o(i.RCC_USBCLKConfig), (12 bytes).
    Removing stm32f10x_rcc.o(i.RCC_WaitForHSEStartUp), (56 bytes).
    Removing stm32f10x_tim.o(i.TI1_Config), (128 bytes).
    Removing stm32f10x_tim.o(i.TI2_Config), (152 bytes).
    Removing stm32f10x_tim.o(i.TI3_Config), (144 bytes).
    Removing stm32f10x_tim.o(i.TI4_Config), (152 bytes).
    Removing stm32f10x_tim.o(i.TIM_ARRPreloadConfig), (24 bytes).
    Removing stm32f10x_tim.o(i.TIM_BDTRConfig), (32 bytes).
    Removing stm32f10x_tim.o(i.TIM_BDTRStructInit), (18 bytes).
    Removing stm32f10x_tim.o(i.TIM_CCPreloadControl), (24 bytes).
    Removing stm32f10x_tim.o(i.TIM_CCxCmd), (30 bytes).
    Removing stm32f10x_tim.o(i.TIM_CCxNCmd), (30 bytes).
    Removing stm32f10x_tim.o(i.TIM_ClearFlag), (6 bytes).
    Removing stm32f10x_tim.o(i.TIM_ClearITPendingBit), (6 bytes).
    Removing stm32f10x_tim.o(i.TIM_ClearOC1Ref), (18 bytes).
    Removing stm32f10x_tim.o(i.TIM_ClearOC2Ref), (24 bytes).
    Removing stm32f10x_tim.o(i.TIM_ClearOC3Ref), (18 bytes).
    Removing stm32f10x_tim.o(i.TIM_ClearOC4Ref), (24 bytes).
    Removing stm32f10x_tim.o(i.TIM_Cmd), (24 bytes).
    Removing stm32f10x_tim.o(i.TIM_CounterModeConfig), (18 bytes).
    Removing stm32f10x_tim.o(i.TIM_CtrlPWMOutputs), (30 bytes).
    Removing stm32f10x_tim.o(i.TIM_DMACmd), (18 bytes).
    Removing stm32f10x_tim.o(i.TIM_DMAConfig), (10 bytes).
    Removing stm32f10x_tim.o(i.TIM_DeInit), (488 bytes).
    Removing stm32f10x_tim.o(i.TIM_ETRClockMode1Config), (54 bytes).
    Removing stm32f10x_tim.o(i.TIM_ETRClockMode2Config), (32 bytes).
    Removing stm32f10x_tim.o(i.TIM_ETRConfig), (28 bytes).
    Removing stm32f10x_tim.o(i.TIM_EncoderInterfaceConfig), (66 bytes).
    Removing stm32f10x_tim.o(i.TIM_ForcedOC1Config), (18 bytes).
    Removing stm32f10x_tim.o(i.TIM_ForcedOC2Config), (26 bytes).
    Removing stm32f10x_tim.o(i.TIM_ForcedOC3Config), (18 bytes).
    Removing stm32f10x_tim.o(i.TIM_ForcedOC4Config), (26 bytes).
    Removing stm32f10x_tim.o(i.TIM_GenerateEvent), (4 bytes).
    Removing stm32f10x_tim.o(i.TIM_GetCapture1), (6 bytes).
    Removing stm32f10x_tim.o(i.TIM_GetCapture2), (6 bytes).
    Removing stm32f10x_tim.o(i.TIM_GetCapture3), (6 bytes).
    Removing stm32f10x_tim.o(i.TIM_GetCapture4), (8 bytes).
    Removing stm32f10x_tim.o(i.TIM_GetCounter), (6 bytes).
    Removing stm32f10x_tim.o(i.TIM_GetFlagStatus), (18 bytes).
    Removing stm32f10x_tim.o(i.TIM_GetITStatus), (34 bytes).
    Removing stm32f10x_tim.o(i.TIM_GetPrescaler), (6 bytes).
    Removing stm32f10x_tim.o(i.TIM_ICInit), (172 bytes).
    Removing stm32f10x_tim.o(i.TIM_ICStructInit), (18 bytes).
    Removing stm32f10x_tim.o(i.TIM_ITConfig), (18 bytes).
    Removing stm32f10x_tim.o(i.TIM_ITRxExternalClockConfig), (24 bytes).
    Removing stm32f10x_tim.o(i.TIM_InternalClockConfig), (12 bytes).
    Removing stm32f10x_tim.o(i.TIM_OC1FastConfig), (18 bytes).
    Removing stm32f10x_tim.o(i.TIM_OC1Init), (152 bytes).
    Removing stm32f10x_tim.o(i.TIM_OC1NPolarityConfig), (18 bytes).
    Removing stm32f10x_tim.o(i.TIM_OC1PolarityConfig), (18 bytes).
    Removing stm32f10x_tim.o(i.TIM_OC1PreloadConfig), (18 bytes).
    Removing stm32f10x_tim.o(i.TIM_OC2FastConfig), (26 bytes).
    Removing stm32f10x_tim.o(i.TIM_OC2Init), (164 bytes).
    Removing stm32f10x_tim.o(i.TIM_OC2NPolarityConfig), (26 bytes).
    Removing stm32f10x_tim.o(i.TIM_OC2PolarityConfig), (26 bytes).
    Removing stm32f10x_tim.o(i.TIM_OC2PreloadConfig), (26 bytes).
    Removing stm32f10x_tim.o(i.TIM_OC3FastConfig), (18 bytes).
    Removing stm32f10x_tim.o(i.TIM_OC3Init), (160 bytes).
    Removing stm32f10x_tim.o(i.TIM_OC3NPolarityConfig), (26 bytes).
    Removing stm32f10x_tim.o(i.TIM_OC3PolarityConfig), (26 bytes).
    Removing stm32f10x_tim.o(i.TIM_OC3PreloadConfig), (18 bytes).
    Removing stm32f10x_tim.o(i.TIM_OC4FastConfig), (26 bytes).
    Removing stm32f10x_tim.o(i.TIM_OC4Init), (124 bytes).
    Removing stm32f10x_tim.o(i.TIM_OC4PolarityConfig), (26 bytes).
    Removing stm32f10x_tim.o(i.TIM_OC4PreloadConfig), (26 bytes).
    Removing stm32f10x_tim.o(i.TIM_OCStructInit), (20 bytes).
    Removing stm32f10x_tim.o(i.TIM_PWMIConfig), (124 bytes).
    Removing stm32f10x_tim.o(i.TIM_PrescalerConfig), (6 bytes).
    Removing stm32f10x_tim.o(i.TIM_SelectCCDMA), (24 bytes).
    Removing stm32f10x_tim.o(i.TIM_SelectCOM), (24 bytes).
    Removing stm32f10x_tim.o(i.TIM_SelectHallSensor), (24 bytes).
    Removing stm32f10x_tim.o(i.TIM_SelectInputTrigger), (18 bytes).
    Removing stm32f10x_tim.o(i.TIM_SelectMasterSlaveMode), (18 bytes).
    Removing stm32f10x_tim.o(i.TIM_SelectOCxM), (82 bytes).
    Removing stm32f10x_tim.o(i.TIM_SelectOnePulseMode), (18 bytes).
    Removing stm32f10x_tim.o(i.TIM_SelectOutputTrigger), (18 bytes).
    Removing stm32f10x_tim.o(i.TIM_SelectSlaveMode), (18 bytes).
    Removing stm32f10x_tim.o(i.TIM_SetAutoreload), (4 bytes).
    Removing stm32f10x_tim.o(i.TIM_SetClockDivision), (18 bytes).
    Removing stm32f10x_tim.o(i.TIM_SetCompare1), (4 bytes).
    Removing stm32f10x_tim.o(i.TIM_SetCompare2), (4 bytes).
    Removing stm32f10x_tim.o(i.TIM_SetCompare3), (4 bytes).
    Removing stm32f10x_tim.o(i.TIM_SetCompare4), (6 bytes).
    Removing stm32f10x_tim.o(i.TIM_SetCounter), (4 bytes).
    Removing stm32f10x_tim.o(i.TIM_SetIC1Prescaler), (18 bytes).
    Removing stm32f10x_tim.o(i.TIM_SetIC2Prescaler), (26 bytes).
    Removing stm32f10x_tim.o(i.TIM_SetIC3Prescaler), (18 bytes).
    Removing stm32f10x_tim.o(i.TIM_SetIC4Prescaler), (26 bytes).
    Removing stm32f10x_tim.o(i.TIM_TIxExternalClockConfig), (62 bytes).
    Removing stm32f10x_tim.o(i.TIM_TimeBaseInit), (164 bytes).
    Removing stm32f10x_tim.o(i.TIM_TimeBaseStructInit), (18 bytes).
    Removing stm32f10x_tim.o(i.TIM_UpdateDisableConfig), (24 bytes).
    Removing stm32f10x_tim.o(i.TIM_UpdateRequestConfig), (24 bytes).
    Removing stm32f10x_i2c.o(i.I2C_ARPCmd), (24 bytes).
    Removing stm32f10x_i2c.o(i.I2C_AcknowledgeConfig), (24 bytes).
    Removing stm32f10x_i2c.o(i.I2C_CalculatePEC), (24 bytes).
    Removing stm32f10x_i2c.o(i.I2C_ClearFlag), (12 bytes).
    Removing stm32f10x_i2c.o(i.I2C_ClearITPendingBit), (12 bytes).
    Removing stm32f10x_i2c.o(i.I2C_DMACmd), (24 bytes).
    Removing stm32f10x_i2c.o(i.I2C_DMALastTransferCmd), (24 bytes).
    Removing stm32f10x_i2c.o(i.I2C_DeInit), (56 bytes).
    Removing stm32f10x_i2c.o(i.I2C_DualAddressCmd), (24 bytes).
    Removing stm32f10x_i2c.o(i.I2C_FastModeDutyCycleConfig), (28 bytes).
    Removing stm32f10x_i2c.o(i.I2C_GeneralCallCmd), (24 bytes).
    Removing stm32f10x_i2c.o(i.I2C_GetITStatus), (38 bytes).
    Removing stm32f10x_i2c.o(i.I2C_GetLastEvent), (26 bytes).
    Removing stm32f10x_i2c.o(i.I2C_GetPEC), (8 bytes).
    Removing stm32f10x_i2c.o(i.I2C_ITConfig), (18 bytes).
    Removing stm32f10x_i2c.o(i.I2C_NACKPositionConfig), (28 bytes).
    Removing stm32f10x_i2c.o(i.I2C_OwnAddress2Config), (22 bytes).
    Removing stm32f10x_i2c.o(i.I2C_PECPositionConfig), (28 bytes).
    Removing stm32f10x_i2c.o(i.I2C_ReadRegister), (22 bytes).
    Removing stm32f10x_i2c.o(i.I2C_SMBusAlertConfig), (28 bytes).
    Removing stm32f10x_i2c.o(i.I2C_SoftwareResetCmd), (22 bytes).
    Removing stm32f10x_i2c.o(i.I2C_StretchClockCmd), (24 bytes).
    Removing stm32f10x_i2c.o(i.I2C_StructInit), (30 bytes).
    Removing stm32f10x_i2c.o(i.I2C_TransmitPEC), (24 bytes).

197 unused section(s) (total 8202 bytes) removed from the image.

==============================================================================

Image Symbol Table

    Local Symbols

    Symbol Name                              Value     Ov Type        Size  Object(Section)

    ../clib/microlib/init/entry.s            0x00000000   Number         0  entry9a.o ABSOLUTE
    ../clib/microlib/init/entry.s            0x00000000   Number         0  entry10a.o ABSOLUTE
    ../clib/microlib/init/entry.s            0x00000000   Number         0  entry9b.o ABSOLUTE
    ../clib/microlib/init/entry.s            0x00000000   Number         0  entry5.o ABSOLUTE
    ../clib/microlib/init/entry.s            0x00000000   Number         0  entry8a.o ABSOLUTE
    ../clib/microlib/init/entry.s            0x00000000   Number         0  entry8b.o ABSOLUTE
    ../clib/microlib/init/entry.s            0x00000000   Number         0  entry7b.o ABSOLUTE
    ../clib/microlib/init/entry.s            0x00000000   Number         0  entry7a.o ABSOLUTE
    ../clib/microlib/init/entry.s            0x00000000   Number         0  entry11b.o ABSOLUTE
    ../clib/microlib/init/entry.s            0x00000000   Number         0  entry11a.o ABSOLUTE
    ../clib/microlib/init/entry.s            0x00000000   Number         0  entry2.o ABSOLUTE
    ../clib/microlib/init/entry.s            0x00000000   Number         0  entry10b.o ABSOLUTE
    ../clib/microlib/init/entry.s            0x00000000   Number         0  entry.o ABSOLUTE
    CMSIS\\core_cm3.c                        0x00000000   Number         0  core_cm3.o ABSOLUTE
    CMSIS\core_cm3.c                         0x00000000   Number         0  core_cm3.o ABSOLUTE
    CMSIS\startup_stm32f10x_hd.s             0x00000000   Number         0  startup_stm32f10x_hd.o ABSOLUTE
    CMSIS\system_stm32f10x.c                 0x00000000   Number         0  system_stm32f10x.o ABSOLUTE
    FWlib\src\stm32f10x_gpio.c               0x00000000   Number         0  stm32f10x_gpio.o ABSOLUTE
    FWlib\src\stm32f10x_i2c.c                0x00000000   Number         0  stm32f10x_i2c.o ABSOLUTE
    FWlib\src\stm32f10x_rcc.c                0x00000000   Number         0  stm32f10x_rcc.o ABSOLUTE
    FWlib\src\stm32f10x_tim.c                0x00000000   Number         0  stm32f10x_tim.o ABSOLUTE
    FWlib\src\stm32f10x_usart.c              0x00000000   Number         0  stm32f10x_usart.o ABSOLUTE
    USER\controller.c                        0x00000000   Number         0  controller.o ABSOLUTE
    USER\delay.c                             0x00000000   Number         0  delay.o ABSOLUTE
    USER\main.c                              0x00000000   Number         0  main.o ABSOLUTE
    USER\mechanical_arm.c                    0x00000000   Number         0  mechanical_arm.o ABSOLUTE
    USER\movement.c                          0x00000000   Number         0  movement.o ABSOLUTE
    USER\pca9685.c                           0x00000000   Number         0  pca9685.o ABSOLUTE
    USER\stm32f10x_it.c                      0x00000000   Number         0  stm32f10x_it.o ABSOLUTE
    USER\usart1.c                            0x00000000   Number         0  usart1.o ABSOLUTE
    dc.s                                     0x00000000   Number         0  dc.o ABSOLUTE
    handlers.s                               0x00000000   Number         0  handlers.o ABSOLUTE
    init.s                                   0x00000000   Number         0  init.o ABSOLUTE
    RESET                                    0x08000000   Section      304  startup_stm32f10x_hd.o(RESET)
    .ARM.Collect$$$$00000000                 0x08000130   Section        0  entry.o(.ARM.Collect$$$$00000000)
    .ARM.Collect$$$$00000001                 0x08000130   Section        4  entry2.o(.ARM.Collect$$$$00000001)
    .ARM.Collect$$$$00000004                 0x08000134   Section        4  entry5.o(.ARM.Collect$$$$00000004)
    .ARM.Collect$$$$00000008                 0x08000138   Section        0  entry7b.o(.ARM.Collect$$$$00000008)
    .ARM.Collect$$$$0000000A                 0x08000138   Section        0  entry8b.o(.ARM.Collect$$$$0000000A)
    .ARM.Collect$$$$0000000B                 0x08000138   Section        8  entry9a.o(.ARM.Collect$$$$0000000B)
    .ARM.Collect$$$$0000000D                 0x08000140   Section        0  entry10a.o(.ARM.Collect$$$$0000000D)
    .ARM.Collect$$$$0000000F                 0x08000140   Section        0  entry11a.o(.ARM.Collect$$$$0000000F)
    .ARM.Collect$$$$00002712                 0x08000140   Section        4  entry2.o(.ARM.Collect$$$$00002712)
    __lit__00000000                          0x08000140   Data           4  entry2.o(.ARM.Collect$$$$00002712)
    .text                                    0x08000144   Section       36  startup_stm32f10x_hd.o(.text)
    .text                                    0x08000168   Section       36  init.o(.text)
    i.Arm_Config                             0x0800018c   Section        0  mechanical_arm.o(i.Arm_Config)
    i.BusFault_Handler                       0x080001b8   Section        0  stm32f10x_it.o(i.BusFault_Handler)
    i.Controller_Config                      0x080001bc   Section        0  controller.o(i.Controller_Config)
    i.DebugMon_Handler                       0x08000220   Section        0  stm32f10x_it.o(i.DebugMon_Handler)
    i.GPIO_Init                              0x08000222   Section        0  stm32f10x_gpio.o(i.GPIO_Init)
    i.GPIO_ReadInputDataBit                  0x08000338   Section        0  stm32f10x_gpio.o(i.GPIO_ReadInputDataBit)
    i.GPIO_ReadOutputData                    0x0800034a   Section        0  stm32f10x_gpio.o(i.GPIO_ReadOutputData)
    i.GPIO_ResetBits                         0x08000352   Section        0  stm32f10x_gpio.o(i.GPIO_ResetBits)
    i.GPIO_SetBits                           0x08000356   Section        0  stm32f10x_gpio.o(i.GPIO_SetBits)
    i.GPIO_Write                             0x0800035a   Section        0  stm32f10x_gpio.o(i.GPIO_Write)
    i.HardFault_Handler                      0x0800035e   Section        0  stm32f10x_it.o(i.HardFault_Handler)
    i.I2C_CheckEvent                         0x08000362   Section        0  stm32f10x_i2c.o(i.I2C_CheckEvent)
    i.I2C_Cmd                                0x0800038c   Section        0  stm32f10x_i2c.o(i.I2C_Cmd)
    i.I2C_GenerateSTART                      0x080003a4   Section        0  stm32f10x_i2c.o(i.I2C_GenerateSTART)
    i.I2C_GenerateSTOP                       0x080003bc   Section        0  stm32f10x_i2c.o(i.I2C_GenerateSTOP)
    i.I2C_GetFlagStatus                      0x080003d4   Section        0  stm32f10x_i2c.o(i.I2C_GetFlagStatus)
    i.I2C_Init                               0x08000410   Section        0  stm32f10x_i2c.o(i.I2C_Init)
    i.I2C_ReceiveData                        0x080004fc   Section        0  stm32f10x_i2c.o(i.I2C_ReceiveData)
    i.I2C_Send7bitAddress                    0x08000504   Section        0  stm32f10x_i2c.o(i.I2C_Send7bitAddress)
    i.I2C_SendData                           0x08000516   Section        0  stm32f10x_i2c.o(i.I2C_SendData)
    i.MemManage_Handler                      0x0800051a   Section        0  stm32f10x_it.o(i.MemManage_Handler)
    i.NMI_Handler                            0x0800051e   Section        0  stm32f10x_it.o(i.NMI_Handler)
    i.PCA9685_I2C_BeginTransmission          0x08000520   Section        0  pca9685.o(i.PCA9685_I2C_BeginTransmission)
    i.PCA9685_I2C_EndTransmission            0x08000564   Section        0  pca9685.o(i.PCA9685_I2C_EndTransmission)
    i.PCA9685_I2C_GPIO_Config                0x08000574   Section        0  pca9685.o(i.PCA9685_I2C_GPIO_Config)
    i.PCA9685_I2C_HasSlaveAtAddress          0x080005a8   Section        0  pca9685.o(i.PCA9685_I2C_HasSlaveAtAddress)
    i.PCA9685_I2C_Init                       0x080005ae   Section        0  pca9685.o(i.PCA9685_I2C_Init)
    i.PCA9685_I2C_Mode_Config                0x080005bc   Section        0  pca9685.o(i.PCA9685_I2C_Mode_Config)
    i.PCA9685_I2C_RequestFrom                0x080005f8   Section        0  pca9685.o(i.PCA9685_I2C_RequestFrom)
    i.PCA9685_I2C_Write                      0x08000678   Section        0  pca9685.o(i.PCA9685_I2C_Write)
    i.PCA9685_Init                           0x0800069c   Section        0  pca9685.o(i.PCA9685_Init)
    i.PCA9685_SetOutput                      0x08000724   Section        0  pca9685.o(i.PCA9685_SetOutput)
    i.PCA9685_WakeUp                         0x08000776   Section        0  pca9685.o(i.PCA9685_WakeUp)
    i.PendSV_Handler                         0x080007bc   Section        0  stm32f10x_it.o(i.PendSV_Handler)
    i.RCC_APB1PeriphClockCmd                 0x080007c0   Section        0  stm32f10x_rcc.o(i.RCC_APB1PeriphClockCmd)
    i.RCC_APB2PeriphClockCmd                 0x080007e0   Section        0  stm32f10x_rcc.o(i.RCC_APB2PeriphClockCmd)
    i.RCC_GetClocksFreq                      0x08000800   Section        0  stm32f10x_rcc.o(i.RCC_GetClocksFreq)
    i.SVC_Handler                            0x080008d4   Section        0  stm32f10x_it.o(i.SVC_Handler)
    i.SetSysClock                            0x080008d6   Section        0  system_stm32f10x.o(i.SetSysClock)
    SetSysClock                              0x080008d7   Thumb Code     8  system_stm32f10x.o(i.SetSysClock)
    i.SetSysClockTo72                        0x080008e0   Section        0  system_stm32f10x.o(i.SetSysClockTo72)
    SetSysClockTo72                          0x080008e1   Thumb Code   214  system_stm32f10x.o(i.SetSysClockTo72)
    i.SysTick_Handler                        0x080009c0   Section        0  stm32f10x_it.o(i.SysTick_Handler)
    i.SystemInit                             0x080009c4   Section        0  system_stm32f10x.o(i.SystemInit)
    i.Tire_Config                            0x08000a24   Section        0  movement.o(i.Tire_Config)
    i.USART1_Config                          0x08000a80   Section        0  usart1.o(i.USART1_Config)
    i.USART_Cmd                              0x08000afc   Section        0  stm32f10x_usart.o(i.USART_Cmd)
    i.USART_Init                             0x08000b14   Section        0  stm32f10x_usart.o(i.USART_Init)
    i.UsageFault_Handler                     0x08000bec   Section        0  stm32f10x_it.o(i.UsageFault_Handler)
    i.__scatterload_copy                     0x08000bf0   Section       14  handlers.o(i.__scatterload_copy)
    i.__scatterload_null                     0x08000bfe   Section        2  handlers.o(i.__scatterload_null)
    i.__scatterload_zeroinit                 0x08000c00   Section       14  handlers.o(i.__scatterload_zeroinit)
    i.armControl                             0x08000c0e   Section        0  mechanical_arm.o(i.armControl)
    i.carGo                                  0x08000c3e   Section        0  movement.o(i.carGo)
    i.clrPS2Buff                             0x08000cac   Section        0  controller.o(i.clrPS2Buff)
    i.controlModeConfirm_Config              0x08000cc4   Section        0  controller.o(i.controlModeConfirm_Config)
    i.delay_init                             0x08000cf0   Section        0  delay.o(i.delay_init)
    i.delay_ms                               0x08000d30   Section        0  delay.o(i.delay_ms)
    i.delay_us                               0x08000d6c   Section        0  delay.o(i.delay_us)
    i.enterSettings                          0x08000da8   Section        0  controller.o(i.enterSettings)
    i.getButtonData                          0x08000e04   Section        0  controller.o(i.getButtonData)
    i.getPart3Direction                      0x08000e50   Section        0  controller.o(i.getPart3Direction)
    i.handGrab                               0x08000e6c   Section        0  mechanical_arm.o(i.handGrab)
    i.handOpen                               0x08000e7c   Section        0  mechanical_arm.o(i.handOpen)
    i.isAutoControl                          0x08000e90   Section        0  controller.o(i.isAutoControl)
    i.main                                   0x08000ee4   Section        0  main.o(i.main)
    i.putArmHigh                             0x08000f38   Section        0  mechanical_arm.o(i.putArmHigh)
    i.putArmLow                              0x08000f6c   Section        0  mechanical_arm.o(i.putArmLow)
    i.saveChangesAndExit                     0x08000fc8   Section        0  controller.o(i.saveChangesAndExit)
    i.sendCmd2MCU                            0x08001024   Section        0  controller.o(i.sendCmd2MCU)
    i.sendCmd2PS2                            0x080010dc   Section        0  controller.o(i.sendCmd2PS2)
    i.setBackwards                           0x0800116c   Section        0  movement.o(i.setBackwards)
    i.setForwards                            0x0800119c   Section        0  movement.o(i.setForwards)
    i.setSpeed                               0x080011cc   Section        0  movement.o(i.setSpeed)
    i.setTurnLeft                            0x0800126c   Section        0  movement.o(i.setTurnLeft)
    i.setTurnRight                           0x0800129c   Section        0  movement.o(i.setTurnRight)
    i.shortPoll                              0x080012cc   Section        0  controller.o(i.shortPoll)
    i.stopTheCar                             0x08001310   Section        0  movement.o(i.stopTheCar)
    i.turnOnModeChange                       0x08001364   Section        0  controller.o(i.turnOnModeChange)
    i.turnOnVibrationMode                    0x080013b8   Section        0  controller.o(i.turnOnVibrationMode)
    .data                                    0x20000000   Section        4  delay.o(.data)
    fac_us                                   0x20000000   Data           1  delay.o(.data)
    fac_ms                                   0x20000002   Data           2  delay.o(.data)
    .data                                    0x20000004   Section       26  controller.o(.data)
    .data                                    0x2000001e   Section        1  main.o(.data)
    .data                                    0x2000001f   Section       20  stm32f10x_rcc.o(.data)
    APBAHBPrescTable                         0x2000001f   Data          16  stm32f10x_rcc.o(.data)
    ADCPrescTable                            0x2000002f   Data           4  stm32f10x_rcc.o(.data)
    .bss                                     0x20000034   Section        9  controller.o(.bss)
    STACK                                    0x20000040   Section     1024  startup_stm32f10x_hd.o(STACK)

    Global Symbols

    Symbol Name                              Value     Ov Type        Size  Object(Section)

    BuildAttributes$$THM_ISAv4$P$D$K$B$S$PE$A:L22UL41UL21$X:L11$S22US41US21$IEEE1$IW$USESV6$~STKCKD$USESV7$~SHL$OSPACE$EBA8$MICROLIB$REQ8$PRES8$EABIv2 0x00000000   Number         0  anon$$obj.o ABSOLUTE
    __ARM_use_no_argv                        0x00000000   Number         0  main.o ABSOLUTE
    __cpp_initialize__aeabi_                  - Undefined Weak Reference
    __cxa_finalize                            - Undefined Weak Reference
    __decompress                              - Undefined Weak Reference
    _clock_init                               - Undefined Weak Reference
    _microlib_exit                            - Undefined Weak Reference
    __Vectors_Size                           0x00000130   Number         0  startup_stm32f10x_hd.o ABSOLUTE
    __Vectors                                0x08000000   Data           4  startup_stm32f10x_hd.o(RESET)
    __Vectors_End                            0x08000130   Data           0  startup_stm32f10x_hd.o(RESET)
    __main                                   0x08000131   Thumb Code     0  entry.o(.ARM.Collect$$$$00000000)
    _main_stk                                0x08000131   Thumb Code     0  entry2.o(.ARM.Collect$$$$00000001)
    _main_scatterload                        0x08000135   Thumb Code     0  entry5.o(.ARM.Collect$$$$00000004)
    __main_after_scatterload                 0x08000139   Thumb Code     0  entry5.o(.ARM.Collect$$$$00000004)
    _main_clock                              0x08000139   Thumb Code     0  entry7b.o(.ARM.Collect$$$$00000008)
    _main_cpp_init                           0x08000139   Thumb Code     0  entry8b.o(.ARM.Collect$$$$0000000A)
    _main_init                               0x08000139   Thumb Code     0  entry9a.o(.ARM.Collect$$$$0000000B)
    __rt_final_cpp                           0x08000141   Thumb Code     0  entry10a.o(.ARM.Collect$$$$0000000D)
    __rt_final_exit                          0x08000141   Thumb Code     0  entry11a.o(.ARM.Collect$$$$0000000F)
    Reset_Handler                            0x08000145   Thumb Code     8  startup_stm32f10x_hd.o(.text)
    ADC1_2_IRQHandler                        0x0800015f   Thumb Code     0  startup_stm32f10x_hd.o(.text)
    ADC3_IRQHandler                          0x0800015f   Thumb Code     0  startup_stm32f10x_hd.o(.text)
    CAN1_RX1_IRQHandler                      0x0800015f   Thumb Code     0  startup_stm32f10x_hd.o(.text)
    CAN1_SCE_IRQHandler                      0x0800015f   Thumb Code     0  startup_stm32f10x_hd.o(.text)
    DMA1_Channel1_IRQHandler                 0x0800015f   Thumb Code     0  startup_stm32f10x_hd.o(.text)
    DMA1_Channel2_IRQHandler                 0x0800015f   Thumb Code     0  startup_stm32f10x_hd.o(.text)
    DMA1_Channel3_IRQHandler                 0x0800015f   Thumb Code     0  startup_stm32f10x_hd.o(.text)
    DMA1_Channel4_IRQHandler                 0x0800015f   Thumb Code     0  startup_stm32f10x_hd.o(.text)
    DMA1_Channel5_IRQHandler                 0x0800015f   Thumb Code     0  startup_stm32f10x_hd.o(.text)
    DMA1_Channel6_IRQHandler                 0x0800015f   Thumb Code     0  startup_stm32f10x_hd.o(.text)
    DMA1_Channel7_IRQHandler                 0x0800015f   Thumb Code     0  startup_stm32f10x_hd.o(.text)
    DMA2_Channel1_IRQHandler                 0x0800015f   Thumb Code     0  startup_stm32f10x_hd.o(.text)
    DMA2_Channel2_IRQHandler                 0x0800015f   Thumb Code     0  startup_stm32f10x_hd.o(.text)
    DMA2_Channel3_IRQHandler                 0x0800015f   Thumb Code     0  startup_stm32f10x_hd.o(.text)
    DMA2_Channel4_5_IRQHandler               0x0800015f   Thumb Code     0  startup_stm32f10x_hd.o(.text)
    EXTI0_IRQHandler                         0x0800015f   Thumb Code     0  startup_stm32f10x_hd.o(.text)
    EXTI15_10_IRQHandler                     0x0800015f   Thumb Code     0  startup_stm32f10x_hd.o(.text)
    EXTI1_IRQHandler                         0x0800015f   Thumb Code     0  startup_stm32f10x_hd.o(.text)
    EXTI2_IRQHandler                         0x0800015f   Thumb Code     0  startup_stm32f10x_hd.o(.text)
    EXTI3_IRQHandler                         0x0800015f   Thumb Code     0  startup_stm32f10x_hd.o(.text)
    EXTI4_IRQHandler                         0x0800015f   Thumb Code     0  startup_stm32f10x_hd.o(.text)
    EXTI9_5_IRQHandler                       0x0800015f   Thumb Code     0  startup_stm32f10x_hd.o(.text)
    FLASH_IRQHandler                         0x0800015f   Thumb Code     0  startup_stm32f10x_hd.o(.text)
    FSMC_IRQHandler                          0x0800015f   Thumb Code     0  startup_stm32f10x_hd.o(.text)
    I2C1_ER_IRQHandler                       0x0800015f   Thumb Code     0  startup_stm32f10x_hd.o(.text)
    I2C1_EV_IRQHandler                       0x0800015f   Thumb Code     0  startup_stm32f10x_hd.o(.text)
    I2C2_ER_IRQHandler                       0x0800015f   Thumb Code     0  startup_stm32f10x_hd.o(.text)
    I2C2_EV_IRQHandler                       0x0800015f   Thumb Code     0  startup_stm32f10x_hd.o(.text)
    PVD_IRQHandler                           0x0800015f   Thumb Code     0  startup_stm32f10x_hd.o(.text)
    RCC_IRQHandler                           0x0800015f   Thumb Code     0  startup_stm32f10x_hd.o(.text)
    RTCAlarm_IRQHandler                      0x0800015f   Thumb Code     0  startup_stm32f10x_hd.o(.text)
    RTC_IRQHandler                           0x0800015f   Thumb Code     0  startup_stm32f10x_hd.o(.text)
    SDIO_IRQHandler                          0x0800015f   Thumb Code     0  startup_stm32f10x_hd.o(.text)
    SPI1_IRQHandler                          0x0800015f   Thumb Code     0  startup_stm32f10x_hd.o(.text)
    SPI2_IRQHandler                          0x0800015f   Thumb Code     0  startup_stm32f10x_hd.o(.text)
    SPI3_IRQHandler                          0x0800015f   Thumb Code     0  startup_stm32f10x_hd.o(.text)
    TAMPER_IRQHandler                        0x0800015f   Thumb Code     0  startup_stm32f10x_hd.o(.text)
    TIM1_BRK_IRQHandler                      0x0800015f   Thumb Code     0  startup_stm32f10x_hd.o(.text)
    TIM1_CC_IRQHandler                       0x0800015f   Thumb Code     0  startup_stm32f10x_hd.o(.text)
    TIM1_TRG_COM_IRQHandler                  0x0800015f   Thumb Code     0  startup_stm32f10x_hd.o(.text)
    TIM1_UP_IRQHandler                       0x0800015f   Thumb Code     0  startup_stm32f10x_hd.o(.text)
    TIM2_IRQHandler                          0x0800015f   Thumb Code     0  startup_stm32f10x_hd.o(.text)
    TIM3_IRQHandler                          0x0800015f   Thumb Code     0  startup_stm32f10x_hd.o(.text)
    TIM4_IRQHandler                          0x0800015f   Thumb Code     0  startup_stm32f10x_hd.o(.text)
    TIM5_IRQHandler                          0x0800015f   Thumb Code     0  startup_stm32f10x_hd.o(.text)
    TIM6_IRQHandler                          0x0800015f   Thumb Code     0  startup_stm32f10x_hd.o(.text)
    TIM7_IRQHandler                          0x0800015f   Thumb Code     0  startup_stm32f10x_hd.o(.text)
    TIM8_BRK_IRQHandler                      0x0800015f   Thumb Code     0  startup_stm32f10x_hd.o(.text)
    TIM8_CC_IRQHandler                       0x0800015f   Thumb Code     0  startup_stm32f10x_hd.o(.text)
    TIM8_TRG_COM_IRQHandler                  0x0800015f   Thumb Code     0  startup_stm32f10x_hd.o(.text)
    TIM8_UP_IRQHandler                       0x0800015f   Thumb Code     0  startup_stm32f10x_hd.o(.text)
    UART4_IRQHandler                         0x0800015f   Thumb Code     0  startup_stm32f10x_hd.o(.text)
    UART5_IRQHandler                         0x0800015f   Thumb Code     0  startup_stm32f10x_hd.o(.text)
    USART1_IRQHandler                        0x0800015f   Thumb Code     0  startup_stm32f10x_hd.o(.text)
    USART2_IRQHandler                        0x0800015f   Thumb Code     0  startup_stm32f10x_hd.o(.text)
    USART3_IRQHandler                        0x0800015f   Thumb Code     0  startup_stm32f10x_hd.o(.text)
    USBWakeUp_IRQHandler                     0x0800015f   Thumb Code     0  startup_stm32f10x_hd.o(.text)
    USB_HP_CAN1_TX_IRQHandler                0x0800015f   Thumb Code     0  startup_stm32f10x_hd.o(.text)
    USB_LP_CAN1_RX0_IRQHandler               0x0800015f   Thumb Code     0  startup_stm32f10x_hd.o(.text)
    WWDG_IRQHandler                          0x0800015f   Thumb Code     0  startup_stm32f10x_hd.o(.text)
    __scatterload                            0x08000169   Thumb Code    28  init.o(.text)
    __scatterload_rt2                        0x08000169   Thumb Code     0  init.o(.text)
    Arm_Config                               0x0800018d   Thumb Code    44  mechanical_arm.o(i.Arm_Config)
    BusFault_Handler                         0x080001b9   Thumb Code     4  stm32f10x_it.o(i.BusFault_Handler)
    Controller_Config                        0x080001bd   Thumb Code    94  controller.o(i.Controller_Config)
    DebugMon_Handler                         0x08000221   Thumb Code     2  stm32f10x_it.o(i.DebugMon_Handler)
    GPIO_Init                                0x08000223   Thumb Code   278  stm32f10x_gpio.o(i.GPIO_Init)
    GPIO_ReadInputDataBit                    0x08000339   Thumb Code    18  stm32f10x_gpio.o(i.GPIO_ReadInputDataBit)
    GPIO_ReadOutputData                      0x0800034b   Thumb Code     8  stm32f10x_gpio.o(i.GPIO_ReadOutputData)
    GPIO_ResetBits                           0x08000353   Thumb Code     4  stm32f10x_gpio.o(i.GPIO_ResetBits)
    GPIO_SetBits                             0x08000357   Thumb Code     4  stm32f10x_gpio.o(i.GPIO_SetBits)
    GPIO_Write                               0x0800035b   Thumb Code     4  stm32f10x_gpio.o(i.GPIO_Write)
    HardFault_Handler                        0x0800035f   Thumb Code     4  stm32f10x_it.o(i.HardFault_Handler)
    I2C_CheckEvent                           0x08000363   Thumb Code    42  stm32f10x_i2c.o(i.I2C_CheckEvent)
    I2C_Cmd                                  0x0800038d   Thumb Code    24  stm32f10x_i2c.o(i.I2C_Cmd)
    I2C_GenerateSTART                        0x080003a5   Thumb Code    24  stm32f10x_i2c.o(i.I2C_GenerateSTART)
    I2C_GenerateSTOP                         0x080003bd   Thumb Code    24  stm32f10x_i2c.o(i.I2C_GenerateSTOP)
    I2C_GetFlagStatus                        0x080003d5   Thumb Code    58  stm32f10x_i2c.o(i.I2C_GetFlagStatus)
    I2C_Init                                 0x08000411   Thumb Code   222  stm32f10x_i2c.o(i.I2C_Init)
    I2C_ReceiveData                          0x080004fd   Thumb Code     8  stm32f10x_i2c.o(i.I2C_ReceiveData)
    I2C_Send7bitAddress                      0x08000505   Thumb Code    18  stm32f10x_i2c.o(i.I2C_Send7bitAddress)
    I2C_SendData                             0x08000517   Thumb Code     4  stm32f10x_i2c.o(i.I2C_SendData)
    MemManage_Handler                        0x0800051b   Thumb Code     4  stm32f10x_it.o(i.MemManage_Handler)
    NMI_Handler                              0x0800051f   Thumb Code     2  stm32f10x_it.o(i.NMI_Handler)
    PCA9685_I2C_BeginTransmission            0x08000521   Thumb Code    54  pca9685.o(i.PCA9685_I2C_BeginTransmission)
    PCA9685_I2C_EndTransmission              0x08000565   Thumb Code    12  pca9685.o(i.PCA9685_I2C_EndTransmission)
    PCA9685_I2C_GPIO_Config                  0x08000575   Thumb Code    46  pca9685.o(i.PCA9685_I2C_GPIO_Config)
    PCA9685_I2C_HasSlaveAtAddress            0x080005a9   Thumb Code     6  pca9685.o(i.PCA9685_I2C_HasSlaveAtAddress)
    PCA9685_I2C_Init                         0x080005af   Thumb Code    12  pca9685.o(i.PCA9685_I2C_Init)
    PCA9685_I2C_Mode_Config                  0x080005bd   Thumb Code    52  pca9685.o(i.PCA9685_I2C_Mode_Config)
    PCA9685_I2C_RequestFrom                  0x080005f9   Thumb Code   120  pca9685.o(i.PCA9685_I2C_RequestFrom)
    PCA9685_I2C_Write                        0x08000679   Thumb Code    28  pca9685.o(i.PCA9685_I2C_Write)
    PCA9685_Init                             0x0800069d   Thumb Code   136  pca9685.o(i.PCA9685_Init)
    PCA9685_SetOutput                        0x08000725   Thumb Code    82  pca9685.o(i.PCA9685_SetOutput)
    PCA9685_WakeUp                           0x08000777   Thumb Code    70  pca9685.o(i.PCA9685_WakeUp)
    PendSV_Handler                           0x080007bd   Thumb Code     2  stm32f10x_it.o(i.PendSV_Handler)
    RCC_APB1PeriphClockCmd                   0x080007c1   Thumb Code    26  stm32f10x_rcc.o(i.RCC_APB1PeriphClockCmd)
    RCC_APB2PeriphClockCmd                   0x080007e1   Thumb Code    26  stm32f10x_rcc.o(i.RCC_APB2PeriphClockCmd)
    RCC_GetClocksFreq                        0x08000801   Thumb Code   192  stm32f10x_rcc.o(i.RCC_GetClocksFreq)
    SVC_Handler                              0x080008d5   Thumb Code     2  stm32f10x_it.o(i.SVC_Handler)
    SysTick_Handler                          0x080009c1   Thumb Code     2  stm32f10x_it.o(i.SysTick_Handler)
    SystemInit                               0x080009c5   Thumb Code    78  system_stm32f10x.o(i.SystemInit)
    Tire_Config                              0x08000a25   Thumb Code    88  movement.o(i.Tire_Config)
    USART1_Config                            0x08000a81   Thumb Code   114  usart1.o(i.USART1_Config)
    USART_Cmd                                0x08000afd   Thumb Code    24  stm32f10x_usart.o(i.USART_Cmd)
    USART_Init                               0x08000b15   Thumb Code   210  stm32f10x_usart.o(i.USART_Init)
    UsageFault_Handler                       0x08000bed   Thumb Code     4  stm32f10x_it.o(i.UsageFault_Handler)
    __scatterload_copy                       0x08000bf1   Thumb Code    14  handlers.o(i.__scatterload_copy)
    __scatterload_null                       0x08000bff   Thumb Code     2  handlers.o(i.__scatterload_null)
    __scatterload_zeroinit                   0x08000c01   Thumb Code    14  handlers.o(i.__scatterload_zeroinit)
    armControl                               0x08000c0f   Thumb Code    48  mechanical_arm.o(i.armControl)
    carGo                                    0x08000c3f   Thumb Code   108  movement.o(i.carGo)
    clrPS2Buff                               0x08000cad   Thumb Code    20  controller.o(i.clrPS2Buff)
    controlModeConfirm_Config                0x08000cc5   Thumb Code    38  controller.o(i.controlModeConfirm_Config)
    delay_init                               0x08000cf1   Thumb Code    56  delay.o(i.delay_init)
    delay_ms                                 0x08000d31   Thumb Code    56  delay.o(i.delay_ms)
    delay_us                                 0x08000d6d   Thumb Code    56  delay.o(i.delay_us)
    enterSettings                            0x08000da9   Thumb Code    86  controller.o(i.enterSettings)
    getButtonData                            0x08000e05   Thumb Code    62  controller.o(i.getButtonData)
    getPart3Direction                        0x08000e51   Thumb Code    22  controller.o(i.getPart3Direction)
    handGrab                                 0x08000e6d   Thumb Code    16  mechanical_arm.o(i.handGrab)
    handOpen                                 0x08000e7d   Thumb Code    18  mechanical_arm.o(i.handOpen)
    isAutoControl                            0x08000e91   Thumb Code    74  controller.o(i.isAutoControl)
    main                                     0x08000ee5   Thumb Code    80  main.o(i.main)
    putArmHigh                               0x08000f39   Thumb Code    52  mechanical_arm.o(i.putArmHigh)
    putArmLow                                0x08000f6d   Thumb Code    90  mechanical_arm.o(i.putArmLow)
    saveChangesAndExit                       0x08000fc9   Thumb Code    86  controller.o(i.saveChangesAndExit)
    sendCmd2MCU                              0x08001025   Thumb Code   170  controller.o(i.sendCmd2MCU)
    sendCmd2PS2                              0x080010dd   Thumb Code   136  controller.o(i.sendCmd2PS2)
    setBackwards                             0x0800116d   Thumb Code    44  movement.o(i.setBackwards)
    setForwards                              0x0800119d   Thumb Code    44  movement.o(i.setForwards)
    setSpeed                                 0x080011cd   Thumb Code   160  movement.o(i.setSpeed)
    setTurnLeft                              0x0800126d   Thumb Code    44  movement.o(i.setTurnLeft)
    setTurnRight                             0x0800129d   Thumb Code    44  movement.o(i.setTurnRight)
    shortPoll                                0x080012cd   Thumb Code    62  controller.o(i.shortPoll)
    stopTheCar                               0x08001311   Thumb Code    78  movement.o(i.stopTheCar)
    turnOnModeChange                         0x08001365   Thumb Code    80  controller.o(i.turnOnModeChange)
    turnOnVibrationMode                      0x080013b9   Thumb Code    62  controller.o(i.turnOnVibrationMode)
    Region$$Table$$Base                      0x080013fc   Number         0  anon$$obj.o(Region$$Table)
    Region$$Table$$Limit                     0x0800141c   Number         0  anon$$obj.o(Region$$Table)
    cnt                                      0x20000004   Data           4  controller.o(.data)
    part3Dir                                 0x20000008   Data           1  controller.o(.data)
    buttonValue                              0x2000000a   Data           2  controller.o(.data)
    PS2_Cmd                                  0x2000000c   Data           2  controller.o(.data)
    PS2_Mask                                 0x2000000e   Data          16  controller.o(.data)
    dir                                      0x2000001e   Data           1  main.o(.data)
    PS2_Data                                 0x20000034   Data           9  controller.o(.bss)
    __initial_sp                             0x20000440   Data           0  startup_stm32f10x_hd.o(STACK)



==============================================================================

Memory Map of the image

  Image Entry point : 0x08000131

  Load Region LR_IROM1 (Base: 0x08000000, Size: 0x00001450, Max: 0x00040000, ABSOLUTE)

    Execution Region ER_IROM1 (Base: 0x08000000, Size: 0x0000141c, Max: 0x00040000, ABSOLUTE)

    Base Addr    Size         Type   Attr      Idx    E Section Name        Object

    0x08000000   0x00000130   Data   RO            3    RESET               startup_stm32f10x_hd.o
    0x08000130   0x00000000   Code   RO         1800  * .ARM.Collect$$$$00000000  mc_w.l(entry.o)
    0x08000130   0x00000004   Code   RO         1803    .ARM.Collect$$$$00000001  mc_w.l(entry2.o)
    0x08000134   0x00000004   Code   RO         1806    .ARM.Collect$$$$00000004  mc_w.l(entry5.o)
    0x08000138   0x00000000   Code   RO         1808    .ARM.Collect$$$$00000008  mc_w.l(entry7b.o)
    0x08000138   0x00000000   Code   RO         1810    .ARM.Collect$$$$0000000A  mc_w.l(entry8b.o)
    0x08000138   0x00000008   Code   RO         1811    .ARM.Collect$$$$0000000B  mc_w.l(entry9a.o)
    0x08000140   0x00000000   Code   RO         1813    .ARM.Collect$$$$0000000D  mc_w.l(entry10a.o)
    0x08000140   0x00000000   Code   RO         1815    .ARM.Collect$$$$0000000F  mc_w.l(entry11a.o)
    0x08000140   0x00000004   Code   RO         1804    .ARM.Collect$$$$00002712  mc_w.l(entry2.o)
    0x08000144   0x00000024   Code   RO            4    .text               startup_stm32f10x_hd.o
    0x08000168   0x00000024   Code   RO         1817    .text               mc_w.l(init.o)
    0x0800018c   0x0000002c   Code   RO          512    i.Arm_Config        mechanical_arm.o
    0x080001b8   0x00000004   Code   RO          299    i.BusFault_Handler  stm32f10x_it.o
    0x080001bc   0x00000064   Code   RO          123    i.Controller_Config  controller.o
    0x08000220   0x00000002   Code   RO          300    i.DebugMon_Handler  stm32f10x_it.o
    0x08000222   0x00000116   Code   RO          560    i.GPIO_Init         stm32f10x_gpio.o
    0x08000338   0x00000012   Code   RO          564    i.GPIO_ReadInputDataBit  stm32f10x_gpio.o
    0x0800034a   0x00000008   Code   RO          565    i.GPIO_ReadOutputData  stm32f10x_gpio.o
    0x08000352   0x00000004   Code   RO          567    i.GPIO_ResetBits    stm32f10x_gpio.o
    0x08000356   0x00000004   Code   RO          568    i.GPIO_SetBits      stm32f10x_gpio.o
    0x0800035a   0x00000004   Code   RO          570    i.GPIO_Write        stm32f10x_gpio.o
    0x0800035e   0x00000004   Code   RO          301    i.HardFault_Handler  stm32f10x_it.o
    0x08000362   0x0000002a   Code   RO         1599    i.I2C_CheckEvent    stm32f10x_i2c.o
    0x0800038c   0x00000018   Code   RO         1602    i.I2C_Cmd           stm32f10x_i2c.o
    0x080003a4   0x00000018   Code   RO         1609    i.I2C_GenerateSTART  stm32f10x_i2c.o
    0x080003bc   0x00000018   Code   RO         1610    i.I2C_GenerateSTOP  stm32f10x_i2c.o
    0x080003d4   0x0000003a   Code   RO         1611    i.I2C_GetFlagStatus  stm32f10x_i2c.o
    0x0800040e   0x00000002   PAD
    0x08000410   0x000000ec   Code   RO         1616    i.I2C_Init          stm32f10x_i2c.o
    0x080004fc   0x00000008   Code   RO         1621    i.I2C_ReceiveData   stm32f10x_i2c.o
    0x08000504   0x00000012   Code   RO         1623    i.I2C_Send7bitAddress  stm32f10x_i2c.o
    0x08000516   0x00000004   Code   RO         1624    i.I2C_SendData      stm32f10x_i2c.o
    0x0800051a   0x00000004   Code   RO          302    i.MemManage_Handler  stm32f10x_it.o
    0x0800051e   0x00000002   Code   RO          303    i.NMI_Handler       stm32f10x_it.o
    0x08000520   0x00000044   Code   RO          422    i.PCA9685_I2C_BeginTransmission  pca9685.o
    0x08000564   0x00000010   Code   RO          423    i.PCA9685_I2C_EndTransmission  pca9685.o
    0x08000574   0x00000034   Code   RO          424    i.PCA9685_I2C_GPIO_Config  pca9685.o
    0x080005a8   0x00000006   Code   RO          425    i.PCA9685_I2C_HasSlaveAtAddress  pca9685.o
    0x080005ae   0x0000000c   Code   RO          426    i.PCA9685_I2C_Init  pca9685.o
    0x080005ba   0x00000002   PAD
    0x080005bc   0x0000003c   Code   RO          427    i.PCA9685_I2C_Mode_Config  pca9685.o
    0x080005f8   0x00000080   Code   RO          428    i.PCA9685_I2C_RequestFrom  pca9685.o
    0x08000678   0x00000024   Code   RO          429    i.PCA9685_I2C_Write  pca9685.o
    0x0800069c   0x00000088   Code   RO          430    i.PCA9685_Init      pca9685.o
    0x08000724   0x00000052   Code   RO          433    i.PCA9685_SetOutput  pca9685.o
    0x08000776   0x00000046   Code   RO          435    i.PCA9685_WakeUp    pca9685.o
    0x080007bc   0x00000002   Code   RO          304    i.PendSV_Handler    stm32f10x_it.o
    0x080007be   0x00000002   PAD
    0x080007c0   0x00000020   Code   RO          850    i.RCC_APB1PeriphClockCmd  stm32f10x_rcc.o
    0x080007e0   0x00000020   Code   RO          852    i.RCC_APB2PeriphClockCmd  stm32f10x_rcc.o
    0x08000800   0x000000d4   Code   RO          860    i.RCC_GetClocksFreq  stm32f10x_rcc.o
    0x080008d4   0x00000002   Code   RO          305    i.SVC_Handler       stm32f10x_it.o
    0x080008d6   0x00000008   Code   RO           24    i.SetSysClock       system_stm32f10x.o
    0x080008de   0x00000002   PAD
    0x080008e0   0x000000e0   Code   RO           25    i.SetSysClockTo72   system_stm32f10x.o
    0x080009c0   0x00000002   Code   RO          306    i.SysTick_Handler   stm32f10x_it.o
    0x080009c2   0x00000002   PAD
    0x080009c4   0x00000060   Code   RO           27    i.SystemInit        system_stm32f10x.o
    0x08000a24   0x0000005c   Code   RO          362    i.Tire_Config       movement.o
    0x08000a80   0x0000007c   Code   RO          263    i.USART1_Config     usart1.o
    0x08000afc   0x00000018   Code   RO          672    i.USART_Cmd         stm32f10x_usart.o
    0x08000b14   0x000000d8   Code   RO          679    i.USART_Init        stm32f10x_usart.o
    0x08000bec   0x00000004   Code   RO          307    i.UsageFault_Handler  stm32f10x_it.o
    0x08000bf0   0x0000000e   Code   RO         1821    i.__scatterload_copy  mc_w.l(handlers.o)
    0x08000bfe   0x00000002   Code   RO         1822    i.__scatterload_null  mc_w.l(handlers.o)
    0x08000c00   0x0000000e   Code   RO         1823    i.__scatterload_zeroinit  mc_w.l(handlers.o)
    0x08000c0e   0x00000030   Code   RO          513    i.armControl        mechanical_arm.o
    0x08000c3e   0x0000006c   Code   RO          363    i.carGo             movement.o
    0x08000caa   0x00000002   PAD
    0x08000cac   0x00000018   Code   RO          125    i.clrPS2Buff        controller.o
    0x08000cc4   0x0000002c   Code   RO          126    i.controlModeConfirm_Config  controller.o
    0x08000cf0   0x00000040   Code   RO           83    i.delay_init        delay.o
    0x08000d30   0x0000003c   Code   RO           84    i.delay_ms          delay.o
    0x08000d6c   0x0000003c   Code   RO           85    i.delay_us          delay.o
    0x08000da8   0x0000005c   Code   RO          127    i.enterSettings     controller.o
    0x08000e04   0x0000004c   Code   RO          128    i.getButtonData     controller.o
    0x08000e50   0x0000001c   Code   RO          129    i.getPart3Direction  controller.o
    0x08000e6c   0x00000010   Code   RO          514    i.handGrab          mechanical_arm.o
    0x08000e7c   0x00000012   Code   RO          515    i.handOpen          mechanical_arm.o
    0x08000e8e   0x00000002   PAD
    0x08000e90   0x00000054   Code   RO          131    i.isAutoControl     controller.o
    0x08000ee4   0x00000054   Code   RO          232    i.main              main.o
    0x08000f38   0x00000034   Code   RO          516    i.putArmHigh        mechanical_arm.o
    0x08000f6c   0x0000005a   Code   RO          517    i.putArmLow         mechanical_arm.o
    0x08000fc6   0x00000002   PAD
    0x08000fc8   0x0000005c   Code   RO          133    i.saveChangesAndExit  controller.o
    0x08001024   0x000000b8   Code   RO          134    i.sendCmd2MCU       controller.o
    0x080010dc   0x00000090   Code   RO          135    i.sendCmd2PS2       controller.o
    0x0800116c   0x00000030   Code   RO          365    i.setBackwards      movement.o
    0x0800119c   0x00000030   Code   RO          366    i.setForwards       movement.o
    0x080011cc   0x000000a0   Code   RO          367    i.setSpeed          movement.o
    0x0800126c   0x00000030   Code   RO          368    i.setTurnLeft       movement.o
    0x0800129c   0x00000030   Code   RO          369    i.setTurnRight      movement.o
    0x080012cc   0x00000044   Code   RO          136    i.shortPoll         controller.o
    0x08001310   0x00000054   Code   RO          370    i.stopTheCar        movement.o
    0x08001364   0x00000054   Code   RO          137    i.turnOnModeChange  controller.o
    0x080013b8   0x00000044   Code   RO          138    i.turnOnVibrationMode  controller.o
    0x080013fc   0x00000020   Data   RO         1819    Region$$Table       anon$$obj.o


    Execution Region RW_IRAM1 (Base: 0x20000000, Size: 0x00000440, Max: 0x0000c000, ABSOLUTE)

    Base Addr    Size         Type   Attr      Idx    E Section Name        Object

    0x20000000   0x00000004   Data   RW           86    .data               delay.o
    0x20000004   0x0000001a   Data   RW          140    .data               controller.o
    0x2000001e   0x00000001   Data   RW          233    .data               main.o
    0x2000001f   0x00000014   Data   RW          880    .data               stm32f10x_rcc.o
    0x20000033   0x00000001   PAD
    0x20000034   0x00000009   Zero   RW          139    .bss                controller.o
    0x2000003d   0x00000003   PAD
    0x20000040   0x00000400   Zero   RW            1    STACK               startup_stm32f10x_hd.o


==============================================================================

Image component sizes


      Code (inc. data)   RO Data    RW Data    ZI Data      Debug   Object Name

      1088         96          0         26          9       7924   controller.o
         0          0          0          0          0       4496   core_cm3.o
       184         16          0          4          0     204851   delay.o
        84          4          0          1          0       2989   main.o
       268          0          0          0          0       3009   mechanical_arm.o
       636         38          0          0          0       4124   movement.o
       666         48          0          0          0       6623   pca9685.o
        36          8        304          0       1024        844   startup_stm32f10x_hd.o
       316          0          0          0          0       4715   stm32f10x_gpio.o
       438         14          0          0          0       7108   stm32f10x_i2c.o
        26          0          0          0          0       4062   stm32f10x_it.o
       276         32          0         20          0       4450   stm32f10x_rcc.o
       240          6          0          0          0       2821   stm32f10x_usart.o
       328         28          0          0          0      33121   system_stm32f10x.o
       124         10          0          0          0        612   usart1.o

    ----------------------------------------------------------------------
      4726        300        336         52       1036     291749   Object Totals
         0          0         32          0          0          0   (incl. Generated)
        16          0          0          1          3          0   (incl. Padding)

    ----------------------------------------------------------------------

      Code (inc. data)   RO Data    RW Data    ZI Data      Debug   Library Member Name

         0          0          0          0          0          0   entry.o
         0          0          0          0          0          0   entry10a.o
         0          0          0          0          0          0   entry11a.o
         8          4          0          0          0          0   entry2.o
         4          0          0          0          0          0   entry5.o
         0          0          0          0          0          0   entry7b.o
         0          0          0          0          0          0   entry8b.o
         8          4          0          0          0          0   entry9a.o
        30          0          0          0          0          0   handlers.o
        36          8          0          0          0         68   init.o

    ----------------------------------------------------------------------
        86         16          0          0          0         68   Library Totals
         0          0          0          0          0          0   (incl. Padding)

    ----------------------------------------------------------------------

      Code (inc. data)   RO Data    RW Data    ZI Data      Debug   Library Name

        86         16          0          0          0         68   mc_w.l

    ----------------------------------------------------------------------
        86         16          0          0          0         68   Library Totals

    ----------------------------------------------------------------------

==============================================================================


      Code (inc. data)   RO Data    RW Data    ZI Data      Debug   

      4812        316        336         52       1036     288277   Grand Totals
      4812        316        336         52       1036     288277   ELF Image Totals
      4812        316        336         52          0          0   ROM Totals

==============================================================================

    Total RO  Size (Code + RO Data)                 5148 (   5.03kB)
    Total RW  Size (RW Data + ZI Data)              1088 (   1.06kB)
    Total ROM Size (Code + RO Data + RW Data)       5200 (   5.08kB)

==============================================================================

